
===========================================================================
report_checks -unconstrained
===========================================================================
======================= nom_ss_100C_1v60 Corner ===================================

Startpoint: rst_n (input port clocked by sys_clk)
Endpoint: _2142_ (recovery check against rising-edge clock sys_clk)
Path Group: asynchronous
Path Type: max

Fanout         Cap        Slew       Delay        Time   Description
---------------------------------------------------------------------------------------------
                                  0.000000    0.000000   clock sys_clk (rise edge)
                                  0.000000    0.000000   clock network delay (propagated)
                                  2.000000    2.000000 ^ input external delay
     1    0.002559    0.030661    0.014516    2.014516 ^ rst_n (in)
                                                         rst_n (net)
                      0.030661    0.000000    2.014516 ^ input66/A (sky130_fd_sc_hd__clkbuf_1)
     1    0.005808    0.125402    0.172186    2.186702 ^ input66/X (sky130_fd_sc_hd__clkbuf_1)
                                                         net66 (net)
                      0.125402    0.000223    2.186925 ^ fanout261/A (sky130_fd_sc_hd__buf_1)
     2    0.018270    0.352370    0.375334    2.562258 ^ fanout261/X (sky130_fd_sc_hd__buf_1)
                                                         net261 (net)
                      0.352377    0.001319    2.563577 ^ fanout260/A (sky130_fd_sc_hd__buf_1)
     3    0.021831    0.416134    0.497343    3.060921 ^ fanout260/X (sky130_fd_sc_hd__buf_1)
                                                         net260 (net)
                      0.416134    0.001332    3.062253 ^ fanout257/A (sky130_fd_sc_hd__buf_1)
     2    0.016746    0.323977    0.449505    3.511758 ^ fanout257/X (sky130_fd_sc_hd__buf_1)
                                                         net257 (net)
                      0.323977    0.000287    3.512044 ^ fanout256/A (sky130_fd_sc_hd__buf_1)
     3    0.014356    0.280289    0.392979    3.905023 ^ fanout256/X (sky130_fd_sc_hd__buf_1)
                                                         net256 (net)
                      0.280289    0.000640    3.905663 ^ fanout253/A (sky130_fd_sc_hd__buf_1)
     3    0.013053    0.256470    0.363999    4.269661 ^ fanout253/X (sky130_fd_sc_hd__buf_1)
                                                         net253 (net)
                      0.256470    0.000420    4.270082 ^ _2142_/RESET_B (sky130_fd_sc_hd__dfrtp_1)
                                              4.270082   data arrival time

                                 10.000000   10.000000   clock sys_clk (rise edge)
                                  0.000000   10.000000   clock source latency
     1    0.026609    0.196343    0.135733   10.135734 ^ sys_clk (in)
                                                         sys_clk (net)
                      0.196389    0.000000   10.135734 ^ clkbuf_0_sys_clk/A (sky130_fd_sc_hd__clkbuf_16)
    16    0.114017    0.195662    0.387224   10.522958 ^ clkbuf_0_sys_clk/X (sky130_fd_sc_hd__clkbuf_16)
                                                         clknet_0_sys_clk (net)
                      0.195727    0.003386   10.526343 ^ clkbuf_4_8_0_sys_clk/A (sky130_fd_sc_hd__clkbuf_8)
    10    0.035296    0.118460    0.326505   10.852849 ^ clkbuf_4_8_0_sys_clk/X (sky130_fd_sc_hd__clkbuf_8)
                                                         clknet_4_8_0_sys_clk (net)
                      0.118472    0.001241   10.854090 ^ _2142_/CLK (sky130_fd_sc_hd__dfrtp_1)
                                 -0.250000   10.604090   clock uncertainty
                                  0.000000   10.604090   clock reconvergence pessimism
                                  0.409870   11.013959   library recovery time
                                             11.013959   data required time
---------------------------------------------------------------------------------------------
                                             11.013959   data required time
                                             -4.270082   data arrival time
---------------------------------------------------------------------------------------------
                                              6.743877   slack (MET)


Startpoint: _2146_ (rising edge-triggered flip-flop clocked by sys_clk)
Endpoint: _2181_ (rising edge-triggered flip-flop clocked by sys_clk)
Path Group: sys_clk
Path Type: max

Fanout         Cap        Slew       Delay        Time   Description
---------------------------------------------------------------------------------------------
                                  0.000000    0.000000   clock sys_clk (rise edge)
                                  0.000000    0.000000   clock source latency
     1    0.026609    0.196343    0.135734    0.135734 ^ sys_clk (in)
                                                         sys_clk (net)
                      0.196389    0.000000    0.135734 ^ clkbuf_0_sys_clk/A (sky130_fd_sc_hd__clkbuf_16)
    16    0.114017    0.195662    0.387224    0.522957 ^ clkbuf_0_sys_clk/X (sky130_fd_sc_hd__clkbuf_16)
                                                         clknet_0_sys_clk (net)
                      0.195727    0.003386    0.526344 ^ clkbuf_4_9_0_sys_clk/A (sky130_fd_sc_hd__clkbuf_8)
     7    0.034700    0.117074    0.325624    0.851968 ^ clkbuf_4_9_0_sys_clk/X (sky130_fd_sc_hd__clkbuf_8)
                                                         clknet_4_9_0_sys_clk (net)
                      0.117075    0.000643    0.852610 ^ _2146_/CLK (sky130_fd_sc_hd__dfxtp_2)
     3    0.016528    0.095546    0.676523    1.529134 v _2146_/Q (sky130_fd_sc_hd__dfxtp_2)
                                                         lf_inst.error_in[1] (net)
                      0.095721    0.000439    1.529573 v fanout187/A (sky130_fd_sc_hd__buf_6)
     3    0.013017    0.047547    0.226028    1.755601 v fanout187/X (sky130_fd_sc_hd__buf_6)
                                                         net187 (net)
                      0.047547    0.000380    1.755980 v fanout185/A (sky130_fd_sc_hd__buf_6)
     5    0.014418    0.049337    0.205917    1.961898 v fanout185/X (sky130_fd_sc_hd__buf_6)
                                                         net185 (net)
                      0.049338    0.000315    1.962213 v _1819_/C_N (sky130_fd_sc_hd__nor3b_2)
     1    0.004378    0.085170    0.310698    2.272912 v _1819_/Y (sky130_fd_sc_hd__nor3b_2)
                                                         _0271_ (net)
                      0.085171    0.000150    2.273061 v fanout140/A (sky130_fd_sc_hd__clkbuf_2)
     2    0.008003    0.072790    0.212266    2.485327 v fanout140/X (sky130_fd_sc_hd__clkbuf_2)
                                                         net140 (net)
                      0.072790    0.000201    2.485528 v fanout138/A (sky130_fd_sc_hd__buf_6)
     5    0.025833    0.066869    0.236145    2.721673 v fanout138/X (sky130_fd_sc_hd__buf_6)
                                                         net138 (net)
                      0.066905    0.001441    2.723114 v fanout137/A (sky130_fd_sc_hd__buf_8)
     5    0.026250    0.058223    0.227331    2.950445 v fanout137/X (sky130_fd_sc_hd__buf_8)
                                                         net137 (net)
                      0.058239    0.000937    2.951382 v fanout136/A (sky130_fd_sc_hd__buf_8)
     5    0.028254    0.060462    0.225988    3.177370 v fanout136/X (sky130_fd_sc_hd__buf_8)
                                                         net136 (net)
                      0.060473    0.000822    3.178192 v _1844_/B (sky130_fd_sc_hd__xnor2_4)
     4    0.011910    0.132299    0.240361    3.418553 v _1844_/Y (sky130_fd_sc_hd__xnor2_4)
                                                         _0293_ (net)
                      0.132299    0.000143    3.418695 v _1859_/A (sky130_fd_sc_hd__or3b_4)
     1    0.003359    0.113229    0.769208    4.187903 v _1859_/X (sky130_fd_sc_hd__or3b_4)
                                                         _0305_ (net)
                      0.113229    0.000098    4.188002 v _1860_/C (sky130_fd_sc_hd__or4_4)
     2    0.015234    0.188442    1.034953    5.222955 v _1860_/X (sky130_fd_sc_hd__or4_4)
                                                         _0306_ (net)
                      0.188442    0.000634    5.223589 v _1865_/A2 (sky130_fd_sc_hd__a21oi_4)
     4    0.016161    0.249673    0.360343    5.583932 ^ _1865_/Y (sky130_fd_sc_hd__a21oi_4)
                                                         _0311_ (net)
                      0.249673    0.000520    5.584451 ^ _1915_/B (sky130_fd_sc_hd__and4b_1)
     1    0.006267    0.148999    0.479010    6.063461 ^ _1915_/X (sky130_fd_sc_hd__and4b_1)
                                                         _0353_ (net)
                      0.148999    0.000222    6.063683 ^ _1917_/C1 (sky130_fd_sc_hd__a211oi_2)
     2    0.007673    0.147947    0.108393    6.172076 v _1917_/Y (sky130_fd_sc_hd__a211oi_2)
                                                         _0355_ (net)
                      0.147947    0.000290    6.172366 v _1932_/A1 (sky130_fd_sc_hd__a2111o_1)
     3    0.011250    0.190911    0.837269    7.009635 v _1932_/X (sky130_fd_sc_hd__a2111o_1)
                                                         _0368_ (net)
                      0.190911    0.000441    7.010077 v _1948_/B (sky130_fd_sc_hd__or4b_4)
     3    0.009028    0.171083    1.090493    8.100570 v _1948_/X (sky130_fd_sc_hd__or4b_4)
                                                         _0382_ (net)
                      0.171083    0.000288    8.100857 v _1973_/A1 (sky130_fd_sc_hd__a2111o_1)
     3    0.012696    0.206985    0.863230    8.964087 v _1973_/X (sky130_fd_sc_hd__a2111o_1)
                                                         _0403_ (net)
                      0.206986    0.000653    8.964741 v _1980_/A2 (sky130_fd_sc_hd__a21o_1)
     1    0.002887    0.060325    0.371402    9.336143 v _1980_/X (sky130_fd_sc_hd__a21o_1)
                                                         _0410_ (net)
                      0.060325    0.000083    9.336226 v _2001_/A3 (sky130_fd_sc_hd__o31a_1)
     3    0.013627    0.172928    0.555405    9.891632 v _2001_/X (sky130_fd_sc_hd__o31a_1)
                                                         _0427_ (net)
                      0.172928    0.000608    9.892240 v _2018_/A2 (sky130_fd_sc_hd__o311a_4)
     2    0.011740    0.104443    0.699822   10.592062 v _2018_/X (sky130_fd_sc_hd__o311a_4)
                                                         _0442_ (net)
                      0.104443    0.000346   10.592407 v _2020_/B (sky130_fd_sc_hd__nor2_4)
     3    0.006894    0.123583    0.152487   10.744894 ^ _2020_/Y (sky130_fd_sc_hd__nor2_4)
                                                         _0444_ (net)
                      0.123583    0.000107   10.745001 ^ _2021_/A_N (sky130_fd_sc_hd__and3b_1)
     1    0.002829    0.070129    0.370799   11.115799 v _2021_/X (sky130_fd_sc_hd__and3b_1)
                                                         _0445_ (net)
                      0.070130    0.000084   11.115884 v _2022_/C1 (sky130_fd_sc_hd__a211o_1)
     1    0.002008    0.077843    0.414071   11.529954 v _2022_/X (sky130_fd_sc_hd__a211o_1)
                                                         _0112_ (net)
                      0.077843    0.000057   11.530011 v _2181_/D (sky130_fd_sc_hd__dfxtp_1)
                                             11.530011   data arrival time

                                 10.000000   10.000000   clock sys_clk (rise edge)
                                  0.000000   10.000000   clock source latency
     1    0.026609    0.196343    0.135733   10.135734 ^ sys_clk (in)
                                                         sys_clk (net)
                      0.196389    0.000000   10.135734 ^ clkbuf_0_sys_clk/A (sky130_fd_sc_hd__clkbuf_16)
    16    0.114017    0.195662    0.387224   10.522958 ^ clkbuf_0_sys_clk/X (sky130_fd_sc_hd__clkbuf_16)
                                                         clknet_0_sys_clk (net)
                      0.195737    0.003598   10.526556 ^ clkbuf_4_10_0_sys_clk/A (sky130_fd_sc_hd__clkbuf_8)
     7    0.034185    0.115842    0.324638   10.851194 ^ clkbuf_4_10_0_sys_clk/X (sky130_fd_sc_hd__clkbuf_8)
                                                         clknet_4_10_0_sys_clk (net)
                      0.115851    0.001080   10.852274 ^ _2181_/CLK (sky130_fd_sc_hd__dfxtp_1)
                                 -0.250000   10.602274   clock uncertainty
                                  0.000000   10.602274   clock reconvergence pessimism
                                 -0.259887   10.342388   library setup time
                                             10.342388   data required time
---------------------------------------------------------------------------------------------
                                             10.342388   data required time
                                            -11.530011   data arrival time
---------------------------------------------------------------------------------------------
                                             -1.187623   slack (VIOLATED)




===========================================================================
report_checks --slack_max -0.01
============================================================================
======================= nom_ss_100C_1v60 Corner ===================================

Startpoint: _2146_ (rising edge-triggered flip-flop clocked by sys_clk)
Endpoint: _2181_ (rising edge-triggered flip-flop clocked by sys_clk)
Path Group: sys_clk
Path Type: max

Fanout         Cap        Slew       Delay        Time   Description
---------------------------------------------------------------------------------------------
                                  0.000000    0.000000   clock sys_clk (rise edge)
                                  0.000000    0.000000   clock source latency
     1    0.026609    0.196343    0.135734    0.135734 ^ sys_clk (in)
                                                         sys_clk (net)
                      0.196389    0.000000    0.135734 ^ clkbuf_0_sys_clk/A (sky130_fd_sc_hd__clkbuf_16)
    16    0.114017    0.195662    0.387224    0.522957 ^ clkbuf_0_sys_clk/X (sky130_fd_sc_hd__clkbuf_16)
                                                         clknet_0_sys_clk (net)
                      0.195727    0.003386    0.526344 ^ clkbuf_4_9_0_sys_clk/A (sky130_fd_sc_hd__clkbuf_8)
     7    0.034700    0.117074    0.325624    0.851968 ^ clkbuf_4_9_0_sys_clk/X (sky130_fd_sc_hd__clkbuf_8)
                                                         clknet_4_9_0_sys_clk (net)
                      0.117075    0.000643    0.852610 ^ _2146_/CLK (sky130_fd_sc_hd__dfxtp_2)
     3    0.016528    0.095546    0.676523    1.529134 v _2146_/Q (sky130_fd_sc_hd__dfxtp_2)
                                                         lf_inst.error_in[1] (net)
                      0.095721    0.000439    1.529573 v fanout187/A (sky130_fd_sc_hd__buf_6)
     3    0.013017    0.047547    0.226028    1.755601 v fanout187/X (sky130_fd_sc_hd__buf_6)
                                                         net187 (net)
                      0.047547    0.000380    1.755980 v fanout185/A (sky130_fd_sc_hd__buf_6)
     5    0.014418    0.049337    0.205917    1.961898 v fanout185/X (sky130_fd_sc_hd__buf_6)
                                                         net185 (net)
                      0.049338    0.000315    1.962213 v _1819_/C_N (sky130_fd_sc_hd__nor3b_2)
     1    0.004378    0.085170    0.310698    2.272912 v _1819_/Y (sky130_fd_sc_hd__nor3b_2)
                                                         _0271_ (net)
                      0.085171    0.000150    2.273061 v fanout140/A (sky130_fd_sc_hd__clkbuf_2)
     2    0.008003    0.072790    0.212266    2.485327 v fanout140/X (sky130_fd_sc_hd__clkbuf_2)
                                                         net140 (net)
                      0.072790    0.000201    2.485528 v fanout138/A (sky130_fd_sc_hd__buf_6)
     5    0.025833    0.066869    0.236145    2.721673 v fanout138/X (sky130_fd_sc_hd__buf_6)
                                                         net138 (net)
                      0.066905    0.001441    2.723114 v fanout137/A (sky130_fd_sc_hd__buf_8)
     5    0.026250    0.058223    0.227331    2.950445 v fanout137/X (sky130_fd_sc_hd__buf_8)
                                                         net137 (net)
                      0.058239    0.000937    2.951382 v fanout136/A (sky130_fd_sc_hd__buf_8)
     5    0.028254    0.060462    0.225988    3.177370 v fanout136/X (sky130_fd_sc_hd__buf_8)
                                                         net136 (net)
                      0.060473    0.000822    3.178192 v _1844_/B (sky130_fd_sc_hd__xnor2_4)
     4    0.011910    0.132299    0.240361    3.418553 v _1844_/Y (sky130_fd_sc_hd__xnor2_4)
                                                         _0293_ (net)
                      0.132299    0.000143    3.418695 v _1859_/A (sky130_fd_sc_hd__or3b_4)
     1    0.003359    0.113229    0.769208    4.187903 v _1859_/X (sky130_fd_sc_hd__or3b_4)
                                                         _0305_ (net)
                      0.113229    0.000098    4.188002 v _1860_/C (sky130_fd_sc_hd__or4_4)
     2    0.015234    0.188442    1.034953    5.222955 v _1860_/X (sky130_fd_sc_hd__or4_4)
                                                         _0306_ (net)
                      0.188442    0.000634    5.223589 v _1865_/A2 (sky130_fd_sc_hd__a21oi_4)
     4    0.016161    0.249673    0.360343    5.583932 ^ _1865_/Y (sky130_fd_sc_hd__a21oi_4)
                                                         _0311_ (net)
                      0.249673    0.000520    5.584451 ^ _1915_/B (sky130_fd_sc_hd__and4b_1)
     1    0.006267    0.148999    0.479010    6.063461 ^ _1915_/X (sky130_fd_sc_hd__and4b_1)
                                                         _0353_ (net)
                      0.148999    0.000222    6.063683 ^ _1917_/C1 (sky130_fd_sc_hd__a211oi_2)
     2    0.007673    0.147947    0.108393    6.172076 v _1917_/Y (sky130_fd_sc_hd__a211oi_2)
                                                         _0355_ (net)
                      0.147947    0.000290    6.172366 v _1932_/A1 (sky130_fd_sc_hd__a2111o_1)
     3    0.011250    0.190911    0.837269    7.009635 v _1932_/X (sky130_fd_sc_hd__a2111o_1)
                                                         _0368_ (net)
                      0.190911    0.000441    7.010077 v _1948_/B (sky130_fd_sc_hd__or4b_4)
     3    0.009028    0.171083    1.090493    8.100570 v _1948_/X (sky130_fd_sc_hd__or4b_4)
                                                         _0382_ (net)
                      0.171083    0.000288    8.100857 v _1973_/A1 (sky130_fd_sc_hd__a2111o_1)
     3    0.012696    0.206985    0.863230    8.964087 v _1973_/X (sky130_fd_sc_hd__a2111o_1)
                                                         _0403_ (net)
                      0.206986    0.000653    8.964741 v _1980_/A2 (sky130_fd_sc_hd__a21o_1)
     1    0.002887    0.060325    0.371402    9.336143 v _1980_/X (sky130_fd_sc_hd__a21o_1)
                                                         _0410_ (net)
                      0.060325    0.000083    9.336226 v _2001_/A3 (sky130_fd_sc_hd__o31a_1)
     3    0.013627    0.172928    0.555405    9.891632 v _2001_/X (sky130_fd_sc_hd__o31a_1)
                                                         _0427_ (net)
                      0.172928    0.000608    9.892240 v _2018_/A2 (sky130_fd_sc_hd__o311a_4)
     2    0.011740    0.104443    0.699822   10.592062 v _2018_/X (sky130_fd_sc_hd__o311a_4)
                                                         _0442_ (net)
                      0.104443    0.000346   10.592407 v _2020_/B (sky130_fd_sc_hd__nor2_4)
     3    0.006894    0.123583    0.152487   10.744894 ^ _2020_/Y (sky130_fd_sc_hd__nor2_4)
                                                         _0444_ (net)
                      0.123583    0.000107   10.745001 ^ _2021_/A_N (sky130_fd_sc_hd__and3b_1)
     1    0.002829    0.070129    0.370799   11.115799 v _2021_/X (sky130_fd_sc_hd__and3b_1)
                                                         _0445_ (net)
                      0.070130    0.000084   11.115884 v _2022_/C1 (sky130_fd_sc_hd__a211o_1)
     1    0.002008    0.077843    0.414071   11.529954 v _2022_/X (sky130_fd_sc_hd__a211o_1)
                                                         _0112_ (net)
                      0.077843    0.000057   11.530011 v _2181_/D (sky130_fd_sc_hd__dfxtp_1)
                                             11.530011   data arrival time

                                 10.000000   10.000000   clock sys_clk (rise edge)
                                  0.000000   10.000000   clock source latency
     1    0.026609    0.196343    0.135733   10.135734 ^ sys_clk (in)
                                                         sys_clk (net)
                      0.196389    0.000000   10.135734 ^ clkbuf_0_sys_clk/A (sky130_fd_sc_hd__clkbuf_16)
    16    0.114017    0.195662    0.387224   10.522958 ^ clkbuf_0_sys_clk/X (sky130_fd_sc_hd__clkbuf_16)
                                                         clknet_0_sys_clk (net)
                      0.195737    0.003598   10.526556 ^ clkbuf_4_10_0_sys_clk/A (sky130_fd_sc_hd__clkbuf_8)
     7    0.034185    0.115842    0.324638   10.851194 ^ clkbuf_4_10_0_sys_clk/X (sky130_fd_sc_hd__clkbuf_8)
                                                         clknet_4_10_0_sys_clk (net)
                      0.115851    0.001080   10.852274 ^ _2181_/CLK (sky130_fd_sc_hd__dfxtp_1)
                                 -0.250000   10.602274   clock uncertainty
                                  0.000000   10.602274   clock reconvergence pessimism
                                 -0.259887   10.342388   library setup time
                                             10.342388   data required time
---------------------------------------------------------------------------------------------
                                             10.342388   data required time
                                            -11.530011   data arrival time
---------------------------------------------------------------------------------------------
                                             -1.187623   slack (VIOLATED)




===========================================================================
 report_check_types -max_slew -max_cap -max_fanout -violators
============================================================================
======================= nom_ss_100C_1v60 Corner ===================================

max slew

Pin                                        Limit        Slew       Slack
------------------------------------------------------------------------
_1684_/Y                                0.750000    1.000846   -0.250846 (VIOLATED)
_1686_/A2                               0.750000    1.000846   -0.250846 (VIOLATED)
max_cap113/A                            0.750000    1.000846   -0.250846 (VIOLATED)

max fanout

Pin                                   Limit Fanout  Slack
---------------------------------------------------------
clkbuf_0_sys_clk/X                        5     16    -11 (VIOLATED)
clkbuf_4_0_0_sys_clk/X                    5     13     -8 (VIOLATED)
clkbuf_4_15_0_sys_clk/X                   5     10     -5 (VIOLATED)
clkbuf_4_1_0_sys_clk/X                    5     10     -5 (VIOLATED)
clkbuf_4_4_0_sys_clk/X                    5     10     -5 (VIOLATED)
clkbuf_4_8_0_sys_clk/X                    5     10     -5 (VIOLATED)
clkbuf_4_11_0_sys_clk/X                   5      9     -4 (VIOLATED)
clkbuf_4_2_0_sys_clk/X                    5      9     -4 (VIOLATED)
clkbuf_4_5_0_sys_clk/X                    5      9     -4 (VIOLATED)
clkbuf_4_13_0_sys_clk/X                   5      8     -3 (VIOLATED)
clkbuf_4_14_0_sys_clk/X                   5      8     -3 (VIOLATED)
clkbuf_4_7_0_sys_clk/X                    5      8     -3 (VIOLATED)
clkbuf_4_10_0_sys_clk/X                   5      7     -2 (VIOLATED)
clkbuf_4_9_0_sys_clk/X                    5      7     -2 (VIOLATED)
clkbuf_4_12_0_sys_clk/X                   5      6        (VIOLATED)
clkbuf_4_3_0_sys_clk/X                    5      6        (VIOLATED)
clkbuf_4_6_0_sys_clk/X                    5      6        (VIOLATED)



===========================================================================
report_parasitic_annotation -report_unannotated
============================================================================
Found 15 unannotated drivers.
 clkload0/Y
 clkload1/Y
 clkload10/Y
 clkload11/Y
 clkload12/Y
 clkload13/Y
 clkload14/Y
 clkload2/Y
 clkload3/Y
 clkload4/Y
 clkload5/Y
 clkload6/Y
 clkload7/Y
 clkload8/Y
 clkload9/Y
Found 0 partially unannotated drivers.

===========================================================================
max slew violation count 3
max fanout violation count 17
max cap violation count 0
============================================================================

===========================================================================
check_setup -verbose -unconstrained_endpoints -multiple_clock -no_clock -no_input_delay -loops -generated_clocks
===========================================================================
Warning: There are 33 unclocked register/latch pins.
  _2095_/CLK
  _2183_/CLK
  _2184_/CLK
  _2185_/CLK
  _2186_/CLK
  _2187_/CLK
  _2188_/CLK
  _2189_/CLK
  _2190_/CLK
  _2191_/CLK
  _2192_/CLK
  _2193_/CLK
  _2194_/CLK
  _2195_/CLK
  _2196_/CLK
  _2197_/CLK
  _2198_/CLK
  _2199_/CLK
  _2200_/CLK
  _2201_/CLK
  _2202_/CLK
  _2203_/CLK
  _2204_/CLK
  _2205_/CLK
  _2206_/CLK
  _2207_/CLK
  _2208_/CLK
  _2209_/CLK
  _2210_/CLK
  _2211_/CLK
  _2212_/CLK
  _2213_/CLK
  _2214_/CLK
Warning: There are 34 unconstrained endpoints.
  _2095_/D
  _2141_/D
  _2183_/D
  _2184_/D
  _2185_/D
  _2186_/D
  _2187_/D
  _2188_/D
  _2189_/D
  _2190_/D
  _2191_/D
  _2192_/D
  _2193_/D
  _2194_/D
  _2195_/D
  _2196_/D
  _2197_/D
  _2198_/D
  _2199_/D
  _2200_/D
  _2201_/D
  _2202_/D
  _2203_/D
  _2204_/D
  _2205_/D
  _2206_/D
  _2207_/D
  _2208_/D
  _2209_/D
  _2210_/D
  _2211_/D
  _2212_/D
  _2213_/D
  _2214_/D
