
===========================================================================
report_checks -unconstrained
===========================================================================
======================= max_ss_100C_1v60 Corner ===================================

Startpoint: rst_n (input port clocked by sys_clk)
Endpoint: _2142_ (recovery check against rising-edge clock sys_clk)
Path Group: asynchronous
Path Type: max

Fanout         Cap        Slew       Delay        Time   Description
---------------------------------------------------------------------------------------------
                                  0.000000    0.000000   clock sys_clk (rise edge)
                                  0.000000    0.000000   clock network delay (propagated)
                                  2.000000    2.000000 ^ input external delay
     1    0.002564    0.030687    0.014585    2.014585 ^ rst_n (in)
                                                         rst_n (net)
                      0.030687    0.000000    2.014585 ^ input66/A (sky130_fd_sc_hd__clkbuf_1)
     1    0.006029    0.129386    0.174912    2.189497 ^ input66/X (sky130_fd_sc_hd__clkbuf_1)
                                                         net66 (net)
                      0.129386    0.000483    2.189980 ^ fanout261/A (sky130_fd_sc_hd__buf_1)
     2    0.019931    0.382864    0.398215    2.588195 ^ fanout261/X (sky130_fd_sc_hd__buf_1)
                                                         net261 (net)
                      0.382882    0.002199    2.590393 ^ fanout260/A (sky130_fd_sc_hd__buf_1)
     3    0.023434    0.445325    0.525715    3.116109 ^ fanout260/X (sky130_fd_sc_hd__buf_1)
                                                         net260 (net)
                      0.445336    0.002797    3.118906 ^ fanout257/A (sky130_fd_sc_hd__buf_1)
     2    0.018159    0.349815    0.475358    3.594264 ^ fanout257/X (sky130_fd_sc_hd__buf_1)
                                                         net257 (net)
                      0.349815    0.000820    3.595084 ^ fanout256/A (sky130_fd_sc_hd__buf_1)
     3    0.015027    0.292658    0.408507    4.003592 ^ fanout256/X (sky130_fd_sc_hd__buf_1)
                                                         net256 (net)
                      0.292660    0.001306    4.004897 ^ fanout253/A (sky130_fd_sc_hd__buf_1)
     3    0.013286    0.260824    0.370181    4.375078 ^ fanout253/X (sky130_fd_sc_hd__buf_1)
                                                         net253 (net)
                      0.260824    0.000933    4.376011 ^ _2142_/RESET_B (sky130_fd_sc_hd__dfrtp_1)
                                              4.376011   data arrival time

                                 10.000000   10.000000   clock sys_clk (rise edge)
                                  0.000000   10.000000   clock source latency
     1    0.028482    0.209573    0.145609   10.145609 ^ sys_clk (in)
                                                         sys_clk (net)
                      0.209673    0.000000   10.145609 ^ clkbuf_0_sys_clk/A (sky130_fd_sc_hd__clkbuf_16)
    16    0.118630    0.203270    0.395803   10.541411 ^ clkbuf_0_sys_clk/X (sky130_fd_sc_hd__clkbuf_16)
                                                         clknet_0_sys_clk (net)
                      0.203729    0.007010   10.548421 ^ clkbuf_4_8_0_sys_clk/A (sky130_fd_sc_hd__clkbuf_8)
    10    0.036250    0.120661    0.331123   10.879544 ^ clkbuf_4_8_0_sys_clk/X (sky130_fd_sc_hd__clkbuf_8)
                                                         clknet_4_8_0_sys_clk (net)
                      0.120749    0.002922   10.882466 ^ _2142_/CLK (sky130_fd_sc_hd__dfrtp_1)
                                 -0.250000   10.632466   clock uncertainty
                                  0.000000   10.632466   clock reconvergence pessimism
                                  0.409031   11.041497   library recovery time
                                             11.041497   data required time
---------------------------------------------------------------------------------------------
                                             11.041497   data required time
                                             -4.376011   data arrival time
---------------------------------------------------------------------------------------------
                                              6.665486   slack (MET)


Startpoint: _2146_ (rising edge-triggered flip-flop clocked by sys_clk)
Endpoint: _2181_ (rising edge-triggered flip-flop clocked by sys_clk)
Path Group: sys_clk
Path Type: max

Fanout         Cap        Slew       Delay        Time   Description
---------------------------------------------------------------------------------------------
                                  0.000000    0.000000   clock sys_clk (rise edge)
                                  0.000000    0.000000   clock source latency
     1    0.028482    0.209573    0.145609    0.145609 ^ sys_clk (in)
                                                         sys_clk (net)
                      0.209673    0.000000    0.145609 ^ clkbuf_0_sys_clk/A (sky130_fd_sc_hd__clkbuf_16)
    16    0.118630    0.203270    0.395803    0.541412 ^ clkbuf_0_sys_clk/X (sky130_fd_sc_hd__clkbuf_16)
                                                         clknet_0_sys_clk (net)
                      0.203736    0.007078    0.548489 ^ clkbuf_4_9_0_sys_clk/A (sky130_fd_sc_hd__clkbuf_8)
     7    0.035889    0.119854    0.330963    0.879453 ^ clkbuf_4_9_0_sys_clk/X (sky130_fd_sc_hd__clkbuf_8)
                                                         clknet_4_9_0_sys_clk (net)
                      0.119876    0.001598    0.881051 ^ _2146_/CLK (sky130_fd_sc_hd__dfxtp_2)
     3    0.017396    0.097273    0.681095    1.562146 v _2146_/Q (sky130_fd_sc_hd__dfxtp_2)
                                                         lf_inst.error_in[1] (net)
                      0.097273    0.000940    1.563086 v fanout187/A (sky130_fd_sc_hd__buf_6)
     3    0.013554    0.048235    0.227513    1.790599 v fanout187/X (sky130_fd_sc_hd__buf_6)
                                                         net187 (net)
                      0.048272    0.000851    1.791450 v fanout185/A (sky130_fd_sc_hd__buf_6)
     5    0.015101    0.050311    0.207230    1.998680 v fanout185/X (sky130_fd_sc_hd__buf_6)
                                                         net185 (net)
                      0.050322    0.000706    1.999386 v _1819_/C_N (sky130_fd_sc_hd__nor3b_2)
     1    0.004613    0.086509    0.312436    2.311822 v _1819_/Y (sky130_fd_sc_hd__nor3b_2)
                                                         _0271_ (net)
                      0.086510    0.000322    2.312144 v fanout140/A (sky130_fd_sc_hd__clkbuf_2)
     2    0.008263    0.074469    0.214123    2.526267 v fanout140/X (sky130_fd_sc_hd__clkbuf_2)
                                                         net140 (net)
                      0.074471    0.000512    2.526779 v fanout138/A (sky130_fd_sc_hd__buf_6)
     5    0.027169    0.069566    0.238287    2.765066 v fanout138/X (sky130_fd_sc_hd__buf_6)
                                                         net138 (net)
                      0.069729    0.002943    2.768009 v fanout137/A (sky130_fd_sc_hd__buf_8)
     5    0.027161    0.059649    0.229023    2.997032 v fanout137/X (sky130_fd_sc_hd__buf_8)
                                                         net137 (net)
                      0.059768    0.002310    2.999342 v fanout136/A (sky130_fd_sc_hd__buf_8)
     5    0.028844    0.061297    0.226928    3.226271 v fanout136/X (sky130_fd_sc_hd__buf_8)
                                                         net136 (net)
                      0.061370    0.001882    3.228152 v _1844_/B (sky130_fd_sc_hd__xnor2_4)
     4    0.012310    0.134594    0.242105    3.470257 v _1844_/Y (sky130_fd_sc_hd__xnor2_4)
                                                         _0293_ (net)
                      0.134594    0.000353    3.470610 v _1859_/A (sky130_fd_sc_hd__or3b_4)
     1    0.003477    0.113678    0.771089    4.241699 v _1859_/X (sky130_fd_sc_hd__or3b_4)
                                                         _0305_ (net)
                      0.113678    0.000253    4.241951 v _1860_/C (sky130_fd_sc_hd__or4_4)
     2    0.015753    0.190105    1.037981    5.279932 v _1860_/X (sky130_fd_sc_hd__or4_4)
                                                         _0306_ (net)
                      0.190105    0.001274    5.281206 v _1865_/A2 (sky130_fd_sc_hd__a21oi_4)
     4    0.017009    0.257590    0.367224    5.648431 ^ _1865_/Y (sky130_fd_sc_hd__a21oi_4)
                                                         _0311_ (net)
                      0.257590    0.000977    5.649407 ^ _1915_/B (sky130_fd_sc_hd__and4b_1)
     1    0.006415    0.151045    0.483412    6.132819 ^ _1915_/X (sky130_fd_sc_hd__and4b_1)
                                                         _0353_ (net)
                      0.151045    0.000524    6.133343 ^ _1917_/C1 (sky130_fd_sc_hd__a211oi_2)
     2    0.008141    0.151951    0.111004    6.244347 v _1917_/Y (sky130_fd_sc_hd__a211oi_2)
                                                         _0355_ (net)
                      0.151951    0.000599    6.244946 v _1932_/A1 (sky130_fd_sc_hd__a2111o_1)
     3    0.011758    0.196626    0.844430    7.089376 v _1932_/X (sky130_fd_sc_hd__a2111o_1)
                                                         _0368_ (net)
                      0.196628    0.000953    7.090330 v _1948_/B (sky130_fd_sc_hd__or4b_4)
     3    0.009270    0.171801    1.094047    8.184376 v _1948_/X (sky130_fd_sc_hd__or4b_4)
                                                         _0382_ (net)
                      0.171801    0.000701    8.185077 v _1973_/A1 (sky130_fd_sc_hd__a2111o_1)
     3    0.013495    0.206429    0.872394    9.057470 v _1973_/X (sky130_fd_sc_hd__a2111o_1)
                                                         _0403_ (net)
                      0.206433    0.001271    9.058742 v _1980_/A2 (sky130_fd_sc_hd__a21o_1)
     1    0.002974    0.061077    0.372061    9.430802 v _1980_/X (sky130_fd_sc_hd__a21o_1)
                                                         _0410_ (net)
                      0.061077    0.000199    9.431001 v _2001_/A3 (sky130_fd_sc_hd__o31a_1)
     3    0.014114    0.176528    0.558732    9.989733 v _2001_/X (sky130_fd_sc_hd__o31a_1)
                                                         _0427_ (net)
                      0.176533    0.001216    9.990949 v _2018_/A2 (sky130_fd_sc_hd__o311a_4)
     2    0.011908    0.104881    0.701776   10.692725 v _2018_/X (sky130_fd_sc_hd__o311a_4)
                                                         _0442_ (net)
                      0.104902    0.000813   10.693538 v _2020_/B (sky130_fd_sc_hd__nor2_4)
     3    0.007080    0.125159    0.153940   10.847478 ^ _2020_/Y (sky130_fd_sc_hd__nor2_4)
                                                         _0444_ (net)
                      0.125159    0.000265   10.847743 ^ _2021_/A_N (sky130_fd_sc_hd__and3b_1)
     1    0.002921    0.070921    0.372468   11.220211 v _2021_/X (sky130_fd_sc_hd__and3b_1)
                                                         _0445_ (net)
                      0.070921    0.000199   11.220409 v _2022_/C1 (sky130_fd_sc_hd__a211o_1)
     1    0.002047    0.078195    0.414820   11.635230 v _2022_/X (sky130_fd_sc_hd__a211o_1)
                                                         _0112_ (net)
                      0.078195    0.000144   11.635374 v _2181_/D (sky130_fd_sc_hd__dfxtp_1)
                                             11.635374   data arrival time

                                 10.000000   10.000000   clock sys_clk (rise edge)
                                  0.000000   10.000000   clock source latency
     1    0.028482    0.209573    0.145609   10.145609 ^ sys_clk (in)
                                                         sys_clk (net)
                      0.209673    0.000000   10.145609 ^ clkbuf_0_sys_clk/A (sky130_fd_sc_hd__clkbuf_16)
    16    0.118630    0.203270    0.395803   10.541411 ^ clkbuf_0_sys_clk/X (sky130_fd_sc_hd__clkbuf_16)
                                                         clknet_0_sys_clk (net)
                      0.203773    0.007410   10.548821 ^ clkbuf_4_10_0_sys_clk/A (sky130_fd_sc_hd__clkbuf_8)
     7    0.035218    0.118247    0.329759   10.878581 ^ clkbuf_4_10_0_sys_clk/X (sky130_fd_sc_hd__clkbuf_8)
                                                         clknet_4_10_0_sys_clk (net)
                      0.118303    0.002350   10.880931 ^ _2181_/CLK (sky130_fd_sc_hd__dfxtp_1)
                                 -0.250000   10.630931   clock uncertainty
                                  0.000000   10.630931   clock reconvergence pessimism
                                 -0.259372   10.371559   library setup time
                                             10.371559   data required time
---------------------------------------------------------------------------------------------
                                             10.371559   data required time
                                            -11.635374   data arrival time
---------------------------------------------------------------------------------------------
                                             -1.263815   slack (VIOLATED)




===========================================================================
report_checks --slack_max -0.01
============================================================================
======================= max_ss_100C_1v60 Corner ===================================

Startpoint: _2146_ (rising edge-triggered flip-flop clocked by sys_clk)
Endpoint: _2181_ (rising edge-triggered flip-flop clocked by sys_clk)
Path Group: sys_clk
Path Type: max

Fanout         Cap        Slew       Delay        Time   Description
---------------------------------------------------------------------------------------------
                                  0.000000    0.000000   clock sys_clk (rise edge)
                                  0.000000    0.000000   clock source latency
     1    0.028482    0.209573    0.145609    0.145609 ^ sys_clk (in)
                                                         sys_clk (net)
                      0.209673    0.000000    0.145609 ^ clkbuf_0_sys_clk/A (sky130_fd_sc_hd__clkbuf_16)
    16    0.118630    0.203270    0.395803    0.541412 ^ clkbuf_0_sys_clk/X (sky130_fd_sc_hd__clkbuf_16)
                                                         clknet_0_sys_clk (net)
                      0.203736    0.007078    0.548489 ^ clkbuf_4_9_0_sys_clk/A (sky130_fd_sc_hd__clkbuf_8)
     7    0.035889    0.119854    0.330963    0.879453 ^ clkbuf_4_9_0_sys_clk/X (sky130_fd_sc_hd__clkbuf_8)
                                                         clknet_4_9_0_sys_clk (net)
                      0.119876    0.001598    0.881051 ^ _2146_/CLK (sky130_fd_sc_hd__dfxtp_2)
     3    0.017396    0.097273    0.681095    1.562146 v _2146_/Q (sky130_fd_sc_hd__dfxtp_2)
                                                         lf_inst.error_in[1] (net)
                      0.097273    0.000940    1.563086 v fanout187/A (sky130_fd_sc_hd__buf_6)
     3    0.013554    0.048235    0.227513    1.790599 v fanout187/X (sky130_fd_sc_hd__buf_6)
                                                         net187 (net)
                      0.048272    0.000851    1.791450 v fanout185/A (sky130_fd_sc_hd__buf_6)
     5    0.015101    0.050311    0.207230    1.998680 v fanout185/X (sky130_fd_sc_hd__buf_6)
                                                         net185 (net)
                      0.050322    0.000706    1.999386 v _1819_/C_N (sky130_fd_sc_hd__nor3b_2)
     1    0.004613    0.086509    0.312436    2.311822 v _1819_/Y (sky130_fd_sc_hd__nor3b_2)
                                                         _0271_ (net)
                      0.086510    0.000322    2.312144 v fanout140/A (sky130_fd_sc_hd__clkbuf_2)
     2    0.008263    0.074469    0.214123    2.526267 v fanout140/X (sky130_fd_sc_hd__clkbuf_2)
                                                         net140 (net)
                      0.074471    0.000512    2.526779 v fanout138/A (sky130_fd_sc_hd__buf_6)
     5    0.027169    0.069566    0.238287    2.765066 v fanout138/X (sky130_fd_sc_hd__buf_6)
                                                         net138 (net)
                      0.069729    0.002943    2.768009 v fanout137/A (sky130_fd_sc_hd__buf_8)
     5    0.027161    0.059649    0.229023    2.997032 v fanout137/X (sky130_fd_sc_hd__buf_8)
                                                         net137 (net)
                      0.059768    0.002310    2.999342 v fanout136/A (sky130_fd_sc_hd__buf_8)
     5    0.028844    0.061297    0.226928    3.226271 v fanout136/X (sky130_fd_sc_hd__buf_8)
                                                         net136 (net)
                      0.061370    0.001882    3.228152 v _1844_/B (sky130_fd_sc_hd__xnor2_4)
     4    0.012310    0.134594    0.242105    3.470257 v _1844_/Y (sky130_fd_sc_hd__xnor2_4)
                                                         _0293_ (net)
                      0.134594    0.000353    3.470610 v _1859_/A (sky130_fd_sc_hd__or3b_4)
     1    0.003477    0.113678    0.771089    4.241699 v _1859_/X (sky130_fd_sc_hd__or3b_4)
                                                         _0305_ (net)
                      0.113678    0.000253    4.241951 v _1860_/C (sky130_fd_sc_hd__or4_4)
     2    0.015753    0.190105    1.037981    5.279932 v _1860_/X (sky130_fd_sc_hd__or4_4)
                                                         _0306_ (net)
                      0.190105    0.001274    5.281206 v _1865_/A2 (sky130_fd_sc_hd__a21oi_4)
     4    0.017009    0.257590    0.367224    5.648431 ^ _1865_/Y (sky130_fd_sc_hd__a21oi_4)
                                                         _0311_ (net)
                      0.257590    0.000977    5.649407 ^ _1915_/B (sky130_fd_sc_hd__and4b_1)
     1    0.006415    0.151045    0.483412    6.132819 ^ _1915_/X (sky130_fd_sc_hd__and4b_1)
                                                         _0353_ (net)
                      0.151045    0.000524    6.133343 ^ _1917_/C1 (sky130_fd_sc_hd__a211oi_2)
     2    0.008141    0.151951    0.111004    6.244347 v _1917_/Y (sky130_fd_sc_hd__a211oi_2)
                                                         _0355_ (net)
                      0.151951    0.000599    6.244946 v _1932_/A1 (sky130_fd_sc_hd__a2111o_1)
     3    0.011758    0.196626    0.844430    7.089376 v _1932_/X (sky130_fd_sc_hd__a2111o_1)
                                                         _0368_ (net)
                      0.196628    0.000953    7.090330 v _1948_/B (sky130_fd_sc_hd__or4b_4)
     3    0.009270    0.171801    1.094047    8.184376 v _1948_/X (sky130_fd_sc_hd__or4b_4)
                                                         _0382_ (net)
                      0.171801    0.000701    8.185077 v _1973_/A1 (sky130_fd_sc_hd__a2111o_1)
     3    0.013495    0.206429    0.872394    9.057470 v _1973_/X (sky130_fd_sc_hd__a2111o_1)
                                                         _0403_ (net)
                      0.206433    0.001271    9.058742 v _1980_/A2 (sky130_fd_sc_hd__a21o_1)
     1    0.002974    0.061077    0.372061    9.430802 v _1980_/X (sky130_fd_sc_hd__a21o_1)
                                                         _0410_ (net)
                      0.061077    0.000199    9.431001 v _2001_/A3 (sky130_fd_sc_hd__o31a_1)
     3    0.014114    0.176528    0.558732    9.989733 v _2001_/X (sky130_fd_sc_hd__o31a_1)
                                                         _0427_ (net)
                      0.176533    0.001216    9.990949 v _2018_/A2 (sky130_fd_sc_hd__o311a_4)
     2    0.011908    0.104881    0.701776   10.692725 v _2018_/X (sky130_fd_sc_hd__o311a_4)
                                                         _0442_ (net)
                      0.104902    0.000813   10.693538 v _2020_/B (sky130_fd_sc_hd__nor2_4)
     3    0.007080    0.125159    0.153940   10.847478 ^ _2020_/Y (sky130_fd_sc_hd__nor2_4)
                                                         _0444_ (net)
                      0.125159    0.000265   10.847743 ^ _2021_/A_N (sky130_fd_sc_hd__and3b_1)
     1    0.002921    0.070921    0.372468   11.220211 v _2021_/X (sky130_fd_sc_hd__and3b_1)
                                                         _0445_ (net)
                      0.070921    0.000199   11.220409 v _2022_/C1 (sky130_fd_sc_hd__a211o_1)
     1    0.002047    0.078195    0.414820   11.635230 v _2022_/X (sky130_fd_sc_hd__a211o_1)
                                                         _0112_ (net)
                      0.078195    0.000144   11.635374 v _2181_/D (sky130_fd_sc_hd__dfxtp_1)
                                             11.635374   data arrival time

                                 10.000000   10.000000   clock sys_clk (rise edge)
                                  0.000000   10.000000   clock source latency
     1    0.028482    0.209573    0.145609   10.145609 ^ sys_clk (in)
                                                         sys_clk (net)
                      0.209673    0.000000   10.145609 ^ clkbuf_0_sys_clk/A (sky130_fd_sc_hd__clkbuf_16)
    16    0.118630    0.203270    0.395803   10.541411 ^ clkbuf_0_sys_clk/X (sky130_fd_sc_hd__clkbuf_16)
                                                         clknet_0_sys_clk (net)
                      0.203773    0.007410   10.548821 ^ clkbuf_4_10_0_sys_clk/A (sky130_fd_sc_hd__clkbuf_8)
     7    0.035218    0.118247    0.329759   10.878581 ^ clkbuf_4_10_0_sys_clk/X (sky130_fd_sc_hd__clkbuf_8)
                                                         clknet_4_10_0_sys_clk (net)
                      0.118303    0.002350   10.880931 ^ _2181_/CLK (sky130_fd_sc_hd__dfxtp_1)
                                 -0.250000   10.630931   clock uncertainty
                                  0.000000   10.630931   clock reconvergence pessimism
                                 -0.259372   10.371559   library setup time
                                             10.371559   data required time
---------------------------------------------------------------------------------------------
                                             10.371559   data required time
                                            -11.635374   data arrival time
---------------------------------------------------------------------------------------------
                                             -1.263815   slack (VIOLATED)




===========================================================================
 report_check_types -max_slew -max_cap -max_fanout -violators
============================================================================
======================= max_ss_100C_1v60 Corner ===================================

max slew

Pin                                        Limit        Slew       Slack
------------------------------------------------------------------------
_1684_/Y                                0.750000    1.056549   -0.306549 (VIOLATED)
_1686_/A2                               0.750000    1.056549   -0.306549 (VIOLATED)
max_cap113/A                            0.750000    1.056549   -0.306549 (VIOLATED)

max fanout

Pin                                   Limit Fanout  Slack
---------------------------------------------------------
clkbuf_0_sys_clk/X                        5     16    -11 (VIOLATED)
clkbuf_4_0_0_sys_clk/X                    5     13     -8 (VIOLATED)
clkbuf_4_15_0_sys_clk/X                   5     10     -5 (VIOLATED)
clkbuf_4_1_0_sys_clk/X                    5     10     -5 (VIOLATED)
clkbuf_4_4_0_sys_clk/X                    5     10     -5 (VIOLATED)
clkbuf_4_8_0_sys_clk/X                    5     10     -5 (VIOLATED)
clkbuf_4_11_0_sys_clk/X                   5      9     -4 (VIOLATED)
clkbuf_4_2_0_sys_clk/X                    5      9     -4 (VIOLATED)
clkbuf_4_5_0_sys_clk/X                    5      9     -4 (VIOLATED)
clkbuf_4_13_0_sys_clk/X                   5      8     -3 (VIOLATED)
clkbuf_4_14_0_sys_clk/X                   5      8     -3 (VIOLATED)
clkbuf_4_7_0_sys_clk/X                    5      8     -3 (VIOLATED)
clkbuf_4_10_0_sys_clk/X                   5      7     -2 (VIOLATED)
clkbuf_4_9_0_sys_clk/X                    5      7     -2 (VIOLATED)
clkbuf_4_12_0_sys_clk/X                   5      6        (VIOLATED)
clkbuf_4_3_0_sys_clk/X                    5      6        (VIOLATED)
clkbuf_4_6_0_sys_clk/X                    5      6        (VIOLATED)



===========================================================================
report_parasitic_annotation -report_unannotated
============================================================================
Found 15 unannotated drivers.
 clkload0/Y
 clkload1/Y
 clkload10/Y
 clkload11/Y
 clkload12/Y
 clkload13/Y
 clkload14/Y
 clkload2/Y
 clkload3/Y
 clkload4/Y
 clkload5/Y
 clkload6/Y
 clkload7/Y
 clkload8/Y
 clkload9/Y
Found 0 partially unannotated drivers.

===========================================================================
max slew violation count 3
max fanout violation count 17
max cap violation count 0
============================================================================

===========================================================================
check_setup -verbose -unconstrained_endpoints -multiple_clock -no_clock -no_input_delay -loops -generated_clocks
===========================================================================
Warning: There are 33 unclocked register/latch pins.
  _2095_/CLK
  _2183_/CLK
  _2184_/CLK
  _2185_/CLK
  _2186_/CLK
  _2187_/CLK
  _2188_/CLK
  _2189_/CLK
  _2190_/CLK
  _2191_/CLK
  _2192_/CLK
  _2193_/CLK
  _2194_/CLK
  _2195_/CLK
  _2196_/CLK
  _2197_/CLK
  _2198_/CLK
  _2199_/CLK
  _2200_/CLK
  _2201_/CLK
  _2202_/CLK
  _2203_/CLK
  _2204_/CLK
  _2205_/CLK
  _2206_/CLK
  _2207_/CLK
  _2208_/CLK
  _2209_/CLK
  _2210_/CLK
  _2211_/CLK
  _2212_/CLK
  _2213_/CLK
  _2214_/CLK
Warning: There are 34 unconstrained endpoints.
  _2095_/D
  _2141_/D
  _2183_/D
  _2184_/D
  _2185_/D
  _2186_/D
  _2187_/D
  _2188_/D
  _2189_/D
  _2190_/D
  _2191_/D
  _2192_/D
  _2193_/D
  _2194_/D
  _2195_/D
  _2196_/D
  _2197_/D
  _2198_/D
  _2199_/D
  _2200_/D
  _2201_/D
  _2202_/D
  _2203_/D
  _2204_/D
  _2205_/D
  _2206_/D
  _2207_/D
  _2208_/D
  _2209_/D
  _2210_/D
  _2211_/D
  _2212_/D
  _2213_/D
  _2214_/D
