
===========================================================================
 report_power
============================================================================
======================= nom_tt_025C_1v80 Corner ===================================

Group                    Internal    Switching      Leakage        Total
                            Power        Power        Power        Power (Watts)
------------------------------------------------------------------------
Sequential           6.488727e-04 1.335660e-04 1.329017e-09 7.824400e-04  55.6%
Combinational        3.508759e-04 2.750556e-04 3.418117e-09 6.259349e-04  44.4%
Clock                0.000000e+00 0.000000e+00 3.952849e-10 3.952849e-10   0.0%
Macro                0.000000e+00 0.000000e+00 0.000000e+00 0.000000e+00   0.0%
Pad                  0.000000e+00 0.000000e+00 0.000000e+00 0.000000e+00   0.0%
------------------------------------------------------------------------
Total                9.997488e-04 4.086214e-04 5.142422e-09 1.408375e-03 100.0%
                            71.0%        29.0%         0.0%
Writing metric power__internal__total: 0.0009997488232329488
Writing metric power__switching__total: 0.0004086213593836874
Writing metric power__leakage__total: 5.1424215996576095e-9
Writing metric power__total: 0.001408375333994627

