
===========================================================================
 report_power
============================================================================
======================= max_tt_025C_5v00 Corner ===================================

Group                    Internal    Switching      Leakage        Total
                            Power        Power        Power        Power (Watts)
------------------------------------------------------------------------
Sequential           3.485375e-03 4.314909e-04 6.105127e-08 3.916927e-03  33.9%
Combinational        2.260298e-03 2.607110e-03 1.879645e-07 4.867596e-03  42.1%
Clock                1.555161e-03 1.214318e-03 1.415880e-07 2.769622e-03  24.0%
Macro                0.000000e+00 0.000000e+00 0.000000e+00 0.000000e+00   0.0%
Pad                  0.000000e+00 0.000000e+00 0.000000e+00 0.000000e+00   0.0%
------------------------------------------------------------------------
Total                7.300833e-03 4.252919e-03 3.906043e-07 1.155414e-02 100.0%
                            63.2%        36.8%         0.0%

