
===========================================================================
 report_power
============================================================================
======================= nom_tt_025C_1v80 Corner ===================================

Group                    Internal    Switching      Leakage        Total
                            Power        Power        Power        Power (Watts)
------------------------------------------------------------------------
Sequential           6.188003e-04 5.785009e-05 1.300189e-09 6.766517e-04  35.8%
Combinational        3.277638e-04 3.770169e-04 4.253956e-09 7.047851e-04  37.3%
Clock                2.866983e-04 2.229694e-04 2.970161e-09 5.096707e-04  27.0%
Macro                0.000000e+00 0.000000e+00 0.000000e+00 0.000000e+00   0.0%
Pad                  0.000000e+00 0.000000e+00 0.000000e+00 0.000000e+00   0.0%
------------------------------------------------------------------------
Total                1.233262e-03 6.578359e-04 8.524350e-09 1.891106e-03 100.0%
                            65.2%        34.8%         0.0%

