
===========================================================================
Violator List
============================================================================
[setup reg-reg] _2370_/Q -> _2398_/D : -3.403661
[setup reg-reg] _2370_/Q -> _2406_/D : -3.211515
[setup reg-reg] _2370_/Q -> _2405_/D : -3.066266
[setup reg-reg] _2370_/Q -> _2404_/D : -2.484589
[setup in-reg] rst_n -> _2391_/D : -2.437274
[setup in-reg] rst_n -> _2355_/D : -2.410577
[setup reg-reg] _2370_/Q -> _2402_/D : -2.258473
[setup in-reg] rst_n -> _2348_/D : -2.015460
[setup in-reg] rst_n -> _2383_/D : -1.878513
[setup in-reg] rst_n -> _2387_/D : -1.878513
[setup in-reg] rst_n -> _2394_/D : -1.807322
[setup reg-reg] _2370_/Q -> _2397_/D : -1.531312
[setup reg-reg] _2370_/Q -> _2403_/D : -1.492847
[setup in-reg] rst_n -> _2351_/D : -1.397567
[setup in-reg] rst_n -> _2353_/D : -1.397567
[setup in-reg] rst_n -> _2359_/D : -1.397567
[setup in-reg] rst_n -> _2367_/D : -1.397567
[setup reg-reg] _2370_/Q -> _2399_/D : -1.330571
[setup in-reg] rst_n -> _2364_/D : -1.317753
[setup in-reg] rst_n -> _2365_/D : -1.317753
[setup in-reg] rst_n -> _2377_/D : -1.317753
[setup in-reg] rst_n -> _2378_/D : -1.317753
[setup in-reg] rst_n -> _2384_/D : -1.317753
[setup in-reg] rst_n -> _2388_/D : -1.317753
[setup in-reg] rst_n -> _2389_/D : -1.317753
[setup in-reg] rst_n -> _2392_/D : -1.317753
[setup in-reg] rst_n -> _2393_/D : -1.317753
[setup in-reg] rst_n -> _2395_/D : -1.317753
[setup in-reg] rst_n -> _2396_/D : -1.317753
[setup in-reg] rst_n -> _2400_/D : -1.317753
[setup in-reg] rst_n -> _2381_/D : -1.306589
[setup in-reg] rst_n -> _2385_/D : -1.306589
[setup in-reg] rst_n -> _2401_/D : -1.306589
[setup in-reg] rst_n -> _2376_/D : -1.194218
[setup in-reg] rst_n -> _2379_/D : -1.143663
[setup in-reg] rst_n -> _2345_/D : -1.054941
[setup in-reg] rst_n -> _2346_/D : -1.054941
[setup in-reg] rst_n -> _2350_/D : -1.054941
[setup in-reg] rst_n -> _2354_/D : -1.054941
[setup in-reg] rst_n -> _2357_/D : -1.054941
[setup in-reg] rst_n -> _2358_/D : -1.054941
[setup in-reg] rst_n -> _2361_/D : -1.054941
[setup in-reg] rst_n -> _2362_/D : -1.054941
[setup in-reg] rst_n -> _2366_/D : -1.054941
[setup in-reg] rst_n -> _2352_/D : -0.929061
[setup in-reg] rst_n -> _2347_/D : -0.895245
[setup in-reg] rst_n -> _2349_/D : -0.895245
[setup in-reg] rst_n -> _2356_/D : -0.895245
[setup in-reg] rst_n -> _2363_/D : -0.895245
[setup in-reg] rst_n -> _2380_/D : -0.895245
[setup in-reg] rst_n -> _2382_/D : -0.895245
[setup in-reg] rst_n -> _2386_/D : -0.895245
[setup in-reg] rst_n -> _2390_/D : -0.895245
[setup in-reg] rst_n -> _2360_/D : -0.320215
