
===========================================================================
 report_power
============================================================================
======================= nom_tt_025C_1v80 Corner ===================================

Group                    Internal    Switching      Leakage        Total
                            Power        Power        Power        Power (Watts)
------------------------------------------------------------------------
Sequential           6.254043e-04 1.174017e-04 1.316155e-09 7.428073e-04  58.9%
Combinational        2.958251e-04 2.235153e-04 3.601210e-09 5.193440e-04  41.1%
Clock                0.000000e+00 0.000000e+00 3.952849e-10 3.952849e-10   0.0%
Macro                0.000000e+00 0.000000e+00 0.000000e+00 0.000000e+00   0.0%
Pad                  0.000000e+00 0.000000e+00 0.000000e+00 0.000000e+00   0.0%
------------------------------------------------------------------------
Total                9.212294e-04 3.409170e-04 5.312653e-09 1.262152e-03 100.0%
                            73.0%        27.0%         0.0%
Writing metric power__internal__total: 0.0009212294244207442
Writing metric power__switching__total: 0.0003409170312806964
Writing metric power__leakage__total: 5.3126525401125946e-9
Writing metric power__total: 0.0012621518690139055

