┏━━━━━━━━━━━━━━━━━━━━━━┳━━━━━━━━━━┳━━━━━━━━━━┳━━━━━━━━━━┳━━━━━━━━━━┳━━━━━━━━━━━┳━━━━━━━━━━┳━━━━━━━━━━━┳━━━━━━━━━━┳━━━━━━━━━━━┳━━━━━━━━━━┳━━━━━━━━━━━┳━━━━━━━━━━┓
┃                      ┃ Hold     ┃ Reg to   ┃          ┃          ┃ of which  ┃ Setup    ┃           ┃          ┃           ┃ of which ┃           ┃          ┃
┃                      ┃ Worst    ┃ Reg      ┃          ┃ Hold Vio ┃ reg to    ┃ Worst    ┃ Reg to    ┃ Setup    ┃ Setup Vio ┃ reg to   ┃ Max Cap   ┃ Max Slew ┃
┃ Corner/Group         ┃ Slack    ┃ Paths    ┃ Hold TNS ┃ Count    ┃ reg       ┃ Slack    ┃ Reg Paths ┃ TNS      ┃ Count     ┃ reg      ┃ Violatio… ┃ Violati… ┃
┡━━━━━━━━━━━━━━━━━━━━━━╇━━━━━━━━━━╇━━━━━━━━━━╇━━━━━━━━━━╇━━━━━━━━━━╇━━━━━━━━━━━╇━━━━━━━━━━╇━━━━━━━━━━━╇━━━━━━━━━━╇━━━━━━━━━━━╇━━━━━━━━━━╇━━━━━━━━━━━╇━━━━━━━━━━┩
│ Overall              │ 0.1102   │ 0.1102   │ 0.0000   │ 0        │ 0         │ -1.2638  │ -1.2638   │ -4.9313  │ 19        │ 19       │ 0         │ 3        │
│ nom_tt_025C_1v80     │ 0.3136   │ 0.3136   │ 0.0000   │ 0        │ 0         │ 4.1480   │ 4.1480    │ 0.0000   │ 0         │ 0        │ 0         │ 0        │
│ nom_ss_100C_1v60     │ 0.8706   │ 0.8706   │ 0.0000   │ 0        │ 0         │ -1.1876  │ -1.1876   │ -4.3987  │ 6         │ 6        │ 0         │ 3        │
│ nom_ff_n40C_1v95     │ 0.1126   │ 0.1126   │ 0.0000   │ 0        │ 0         │ 5.8319   │ 7.1450    │ 0.0000   │ 0         │ 0        │ 0         │ 0        │
│ min_tt_025C_1v80     │ 0.3099   │ 0.3099   │ 0.0000   │ 0        │ 0         │ 4.1871   │ 4.1871    │ 0.0000   │ 0         │ 0        │ 0         │ 0        │
│ min_ss_100C_1v60     │ 0.8642   │ 0.8642   │ 0.0000   │ 0        │ 0         │ -1.1176  │ -1.1176   │ -3.9793  │ 6         │ 6        │ 0         │ 3        │
│ min_ff_n40C_1v95     │ 0.1102   │ 0.1102   │ 0.0000   │ 0        │ 0         │ 5.9045   │ 7.1846    │ 0.0000   │ 0         │ 0        │ 0         │ 0        │
│ max_tt_025C_1v80     │ 0.3174   │ 0.3174   │ 0.0000   │ 0        │ 0         │ 4.1025   │ 4.1025    │ 0.0000   │ 0         │ 0        │ 0         │ 0        │
│ max_ss_100C_1v60     │ 0.8775   │ 0.8775   │ 0.0000   │ 0        │ 0         │ -1.2638  │ -1.2638   │ -4.9313  │ 7         │ 7        │ 0         │ 3        │
│ max_ff_n40C_1v95     │ 0.1149   │ 0.1149   │ 0.0000   │ 0        │ 0         │ 5.7534   │ 7.1056    │ 0.0000   │ 0         │ 0        │ 0         │ 0        │
└──────────────────────┴──────────┴──────────┴──────────┴──────────┴───────────┴──────────┴───────────┴──────────┴───────────┴──────────┴───────────┴──────────┘
