
===========================================================================
report_checks -unconstrained
===========================================================================
======================= min_ss_100C_1v60 Corner ===================================

Startpoint: _2184_ (rising edge-triggered flip-flop clocked by sys_clk)
Endpoint: _2219_ (rising edge-triggered flip-flop clocked by sys_clk)
Path Group: sys_clk
Path Type: max

Fanout         Cap        Slew       Delay        Time   Description
---------------------------------------------------------------------------------------------
                                  0.000000    0.000000   clock sys_clk (rise edge)
                                  0.000000    0.000000   clock source latency
     1    0.023597    0.175197    0.120543    0.120543 ^ sys_clk (in)
                                                         sys_clk (net)
                      0.175225    0.000000    0.120543 ^ clkbuf_0_sys_clk/A (sky130_fd_sc_hd__clkbuf_16)
    16    0.110226    0.190785    0.374238    0.494781 ^ clkbuf_0_sys_clk/X (sky130_fd_sc_hd__clkbuf_16)
                                                         clknet_0_sys_clk (net)
                      0.190798    0.001772    0.496553 ^ clkbuf_4_6_0_sys_clk/A (sky130_fd_sc_hd__clkbuf_8)
     9    0.026712    0.099533    0.306659    0.803212 ^ clkbuf_4_6_0_sys_clk/X (sky130_fd_sc_hd__clkbuf_8)
                                                         clknet_4_6_0_sys_clk (net)
                      0.099533    0.000256    0.803468 ^ _2184_/CLK (sky130_fd_sc_hd__dfxtp_4)
     3    0.011816    0.089273    0.724295    1.527763 ^ _2184_/Q (sky130_fd_sc_hd__dfxtp_4)
                                                         lf_inst.error_in[1] (net)
                      0.089273    0.000193    1.527956 ^ fanout130/A (sky130_fd_sc_hd__buf_6)
    10    0.047593    0.161853    0.260167    1.788123 ^ fanout130/X (sky130_fd_sc_hd__buf_6)
                                                         net130 (net)
                      0.161853    0.000407    1.788530 ^ _1642_/B (sky130_fd_sc_hd__and2b_2)
     2    0.011500    0.123657    0.359051    2.147580 ^ _1642_/X (sky130_fd_sc_hd__and2b_2)
                                                         _1020_ (net)
                      0.123657    0.000091    2.147671 ^ rebuffer1/A (sky130_fd_sc_hd__dlygate4sd1_1)
     6    0.014680    0.229422    0.517811    2.665483 ^ rebuffer1/X (sky130_fd_sc_hd__dlygate4sd1_1)
                                                         net157 (net)
                      0.229422    0.000282    2.665765 ^ _1645_/B (sky130_fd_sc_hd__or2_1)
     3    0.012067    0.192804    0.325842    2.991607 ^ _1645_/X (sky130_fd_sc_hd__or2_1)
                                                         _1023_ (net)
                      0.192804    0.000101    2.991708 ^ _1661_/A2 (sky130_fd_sc_hd__a211oi_2)
     4    0.013135    0.178714    0.241141    3.232849 v _1661_/Y (sky130_fd_sc_hd__a211oi_2)
                                                         _1037_ (net)
                      0.178714    0.000314    3.233162 v _1676_/C (sky130_fd_sc_hd__or4_1)
     2    0.006838    0.225963    1.214624    4.447786 v _1676_/X (sky130_fd_sc_hd__or4_1)
                                                         _0153_ (net)
                      0.225963    0.000099    4.447885 v _1677_/A2 (sky130_fd_sc_hd__a21o_1)
     2    0.005095    0.078434    0.401275    4.849159 v _1677_/X (sky130_fd_sc_hd__a21o_1)
                                                         _0154_ (net)
                      0.078434    0.000040    4.849200 v _1679_/A (sky130_fd_sc_hd__and2_1)
     3    0.012325    0.143745    0.356125    5.205325 v _1679_/X (sky130_fd_sc_hd__and2_1)
                                                         _0156_ (net)
                      0.143745    0.000145    5.205470 v _1936_/B (sky130_fd_sc_hd__xnor2_1)
     3    0.011078    0.213444    0.333181    5.538651 v _1936_/Y (sky130_fd_sc_hd__xnor2_1)
                                                         _0375_ (net)
                      0.213444    0.000095    5.538746 v _1949_/B1 (sky130_fd_sc_hd__a211o_1)
     2    0.006615    0.119117    0.595176    6.133922 v _1949_/X (sky130_fd_sc_hd__a211o_1)
                                                         _0386_ (net)
                      0.119117    0.000138    6.134059 v _1968_/A1 (sky130_fd_sc_hd__a311o_1)
     3    0.012444    0.178872    0.626904    6.760964 v _1968_/X (sky130_fd_sc_hd__a311o_1)
                                                         _0403_ (net)
                      0.178872    0.000264    6.761228 v _1984_/A (sky130_fd_sc_hd__or2_1)
     3    0.009562    0.156180    0.613549    7.374777 v _1984_/X (sky130_fd_sc_hd__or2_1)
                                                         _0417_ (net)
                      0.156180    0.000140    7.374918 v _2007_/A2 (sky130_fd_sc_hd__a2111o_1)
     3    0.010927    0.187478    0.907097    8.282015 v _2007_/X (sky130_fd_sc_hd__a2111o_1)
                                                         _0436_ (net)
                      0.187478    0.000226    8.282241 v _2039_/A1 (sky130_fd_sc_hd__a211o_1)
     3    0.012121    0.169190    0.627579    8.909820 v _2039_/X (sky130_fd_sc_hd__a211o_1)
                                                         _0464_ (net)
                      0.169190    0.000196    8.910016 v _2057_/A2 (sky130_fd_sc_hd__a211o_1)
     2    0.010669    0.155148    0.658838    9.568854 v _2057_/X (sky130_fd_sc_hd__a211o_1)
                                                         _0480_ (net)
                      0.155148    0.000099    9.568953 v _2059_/A2 (sky130_fd_sc_hd__a31oi_4)
     3    0.008239    0.214191    0.310591    9.879543 ^ _2059_/Y (sky130_fd_sc_hd__a31oi_4)
                                                         _0482_ (net)
                      0.214191    0.000081    9.879624 ^ _2060_/B (sky130_fd_sc_hd__nor2_1)
     1    0.003359    0.065349    0.131585   10.011209 v _2060_/Y (sky130_fd_sc_hd__nor2_1)
                                                         _0483_ (net)
                      0.065349    0.000041   10.011250 v _2061_/B1 (sky130_fd_sc_hd__a221o_1)
     1    0.001808    0.083542    0.522078   10.533327 v _2061_/X (sky130_fd_sc_hd__a221o_1)
                                                         _0118_ (net)
                      0.083542    0.000015   10.533342 v _2219_/D (sky130_fd_sc_hd__dfxtp_1)
                                             10.533342   data arrival time

                                 10.000000   10.000000   clock sys_clk (rise edge)
                                  0.000000   10.000000   clock source latency
     1    0.023597    0.175197    0.120543   10.120543 ^ sys_clk (in)
                                                         sys_clk (net)
                      0.175225    0.000000   10.120543 ^ clkbuf_0_sys_clk/A (sky130_fd_sc_hd__clkbuf_16)
    16    0.110226    0.190785    0.374238   10.494781 ^ clkbuf_0_sys_clk/X (sky130_fd_sc_hd__clkbuf_16)
                                                         clknet_0_sys_clk (net)
                      0.190805    0.002047   10.496828 ^ clkbuf_4_15_0_sys_clk/A (sky130_fd_sc_hd__clkbuf_8)
    10    0.033718    0.114721    0.321492   10.818320 ^ clkbuf_4_15_0_sys_clk/X (sky130_fd_sc_hd__clkbuf_8)
                                                         clknet_4_15_0_sys_clk (net)
                      0.114727    0.000965   10.819285 ^ _2219_/CLK (sky130_fd_sc_hd__dfxtp_1)
                                 -0.250000   10.569285   clock uncertainty
                                  0.000000   10.569285   clock reconvergence pessimism
                                 -0.262557   10.306728   library setup time
                                             10.306728   data required time
---------------------------------------------------------------------------------------------
                                             10.306728   data required time
                                            -10.533342   data arrival time
---------------------------------------------------------------------------------------------
                                             -0.226614   slack (VIOLATED)




===========================================================================
report_checks --slack_max -0.01
============================================================================
======================= min_ss_100C_1v60 Corner ===================================

Startpoint: _2184_ (rising edge-triggered flip-flop clocked by sys_clk)
Endpoint: _2219_ (rising edge-triggered flip-flop clocked by sys_clk)
Path Group: sys_clk
Path Type: max

Fanout         Cap        Slew       Delay        Time   Description
---------------------------------------------------------------------------------------------
                                  0.000000    0.000000   clock sys_clk (rise edge)
                                  0.000000    0.000000   clock source latency
     1    0.023597    0.175197    0.120543    0.120543 ^ sys_clk (in)
                                                         sys_clk (net)
                      0.175225    0.000000    0.120543 ^ clkbuf_0_sys_clk/A (sky130_fd_sc_hd__clkbuf_16)
    16    0.110226    0.190785    0.374238    0.494781 ^ clkbuf_0_sys_clk/X (sky130_fd_sc_hd__clkbuf_16)
                                                         clknet_0_sys_clk (net)
                      0.190798    0.001772    0.496553 ^ clkbuf_4_6_0_sys_clk/A (sky130_fd_sc_hd__clkbuf_8)
     9    0.026712    0.099533    0.306659    0.803212 ^ clkbuf_4_6_0_sys_clk/X (sky130_fd_sc_hd__clkbuf_8)
                                                         clknet_4_6_0_sys_clk (net)
                      0.099533    0.000256    0.803468 ^ _2184_/CLK (sky130_fd_sc_hd__dfxtp_4)
     3    0.011816    0.089273    0.724295    1.527763 ^ _2184_/Q (sky130_fd_sc_hd__dfxtp_4)
                                                         lf_inst.error_in[1] (net)
                      0.089273    0.000193    1.527956 ^ fanout130/A (sky130_fd_sc_hd__buf_6)
    10    0.047593    0.161853    0.260167    1.788123 ^ fanout130/X (sky130_fd_sc_hd__buf_6)
                                                         net130 (net)
                      0.161853    0.000407    1.788530 ^ _1642_/B (sky130_fd_sc_hd__and2b_2)
     2    0.011500    0.123657    0.359051    2.147580 ^ _1642_/X (sky130_fd_sc_hd__and2b_2)
                                                         _1020_ (net)
                      0.123657    0.000091    2.147671 ^ rebuffer1/A (sky130_fd_sc_hd__dlygate4sd1_1)
     6    0.014680    0.229422    0.517811    2.665483 ^ rebuffer1/X (sky130_fd_sc_hd__dlygate4sd1_1)
                                                         net157 (net)
                      0.229422    0.000282    2.665765 ^ _1645_/B (sky130_fd_sc_hd__or2_1)
     3    0.012067    0.192804    0.325842    2.991607 ^ _1645_/X (sky130_fd_sc_hd__or2_1)
                                                         _1023_ (net)
                      0.192804    0.000101    2.991708 ^ _1661_/A2 (sky130_fd_sc_hd__a211oi_2)
     4    0.013135    0.178714    0.241141    3.232849 v _1661_/Y (sky130_fd_sc_hd__a211oi_2)
                                                         _1037_ (net)
                      0.178714    0.000314    3.233162 v _1676_/C (sky130_fd_sc_hd__or4_1)
     2    0.006838    0.225963    1.214624    4.447786 v _1676_/X (sky130_fd_sc_hd__or4_1)
                                                         _0153_ (net)
                      0.225963    0.000099    4.447885 v _1677_/A2 (sky130_fd_sc_hd__a21o_1)
     2    0.005095    0.078434    0.401275    4.849159 v _1677_/X (sky130_fd_sc_hd__a21o_1)
                                                         _0154_ (net)
                      0.078434    0.000040    4.849200 v _1679_/A (sky130_fd_sc_hd__and2_1)
     3    0.012325    0.143745    0.356125    5.205325 v _1679_/X (sky130_fd_sc_hd__and2_1)
                                                         _0156_ (net)
                      0.143745    0.000145    5.205470 v _1936_/B (sky130_fd_sc_hd__xnor2_1)
     3    0.011078    0.213444    0.333181    5.538651 v _1936_/Y (sky130_fd_sc_hd__xnor2_1)
                                                         _0375_ (net)
                      0.213444    0.000095    5.538746 v _1949_/B1 (sky130_fd_sc_hd__a211o_1)
     2    0.006615    0.119117    0.595176    6.133922 v _1949_/X (sky130_fd_sc_hd__a211o_1)
                                                         _0386_ (net)
                      0.119117    0.000138    6.134059 v _1968_/A1 (sky130_fd_sc_hd__a311o_1)
     3    0.012444    0.178872    0.626904    6.760964 v _1968_/X (sky130_fd_sc_hd__a311o_1)
                                                         _0403_ (net)
                      0.178872    0.000264    6.761228 v _1984_/A (sky130_fd_sc_hd__or2_1)
     3    0.009562    0.156180    0.613549    7.374777 v _1984_/X (sky130_fd_sc_hd__or2_1)
                                                         _0417_ (net)
                      0.156180    0.000140    7.374918 v _2007_/A2 (sky130_fd_sc_hd__a2111o_1)
     3    0.010927    0.187478    0.907097    8.282015 v _2007_/X (sky130_fd_sc_hd__a2111o_1)
                                                         _0436_ (net)
                      0.187478    0.000226    8.282241 v _2039_/A1 (sky130_fd_sc_hd__a211o_1)
     3    0.012121    0.169190    0.627579    8.909820 v _2039_/X (sky130_fd_sc_hd__a211o_1)
                                                         _0464_ (net)
                      0.169190    0.000196    8.910016 v _2057_/A2 (sky130_fd_sc_hd__a211o_1)
     2    0.010669    0.155148    0.658838    9.568854 v _2057_/X (sky130_fd_sc_hd__a211o_1)
                                                         _0480_ (net)
                      0.155148    0.000099    9.568953 v _2059_/A2 (sky130_fd_sc_hd__a31oi_4)
     3    0.008239    0.214191    0.310591    9.879543 ^ _2059_/Y (sky130_fd_sc_hd__a31oi_4)
                                                         _0482_ (net)
                      0.214191    0.000081    9.879624 ^ _2060_/B (sky130_fd_sc_hd__nor2_1)
     1    0.003359    0.065349    0.131585   10.011209 v _2060_/Y (sky130_fd_sc_hd__nor2_1)
                                                         _0483_ (net)
                      0.065349    0.000041   10.011250 v _2061_/B1 (sky130_fd_sc_hd__a221o_1)
     1    0.001808    0.083542    0.522078   10.533327 v _2061_/X (sky130_fd_sc_hd__a221o_1)
                                                         _0118_ (net)
                      0.083542    0.000015   10.533342 v _2219_/D (sky130_fd_sc_hd__dfxtp_1)
                                             10.533342   data arrival time

                                 10.000000   10.000000   clock sys_clk (rise edge)
                                  0.000000   10.000000   clock source latency
     1    0.023597    0.175197    0.120543   10.120543 ^ sys_clk (in)
                                                         sys_clk (net)
                      0.175225    0.000000   10.120543 ^ clkbuf_0_sys_clk/A (sky130_fd_sc_hd__clkbuf_16)
    16    0.110226    0.190785    0.374238   10.494781 ^ clkbuf_0_sys_clk/X (sky130_fd_sc_hd__clkbuf_16)
                                                         clknet_0_sys_clk (net)
                      0.190805    0.002047   10.496828 ^ clkbuf_4_15_0_sys_clk/A (sky130_fd_sc_hd__clkbuf_8)
    10    0.033718    0.114721    0.321492   10.818320 ^ clkbuf_4_15_0_sys_clk/X (sky130_fd_sc_hd__clkbuf_8)
                                                         clknet_4_15_0_sys_clk (net)
                      0.114727    0.000965   10.819285 ^ _2219_/CLK (sky130_fd_sc_hd__dfxtp_1)
                                 -0.250000   10.569285   clock uncertainty
                                  0.000000   10.569285   clock reconvergence pessimism
                                 -0.262557   10.306728   library setup time
                                             10.306728   data required time
---------------------------------------------------------------------------------------------
                                             10.306728   data required time
                                            -10.533342   data arrival time
---------------------------------------------------------------------------------------------
                                             -0.226614   slack (VIOLATED)




===========================================================================
 report_check_types -max_slew -max_cap -max_fanout -violators
============================================================================
======================= min_ss_100C_1v60 Corner ===================================

max slew

Pin                                        Limit        Slew       Slack
------------------------------------------------------------------------
_2040_/Y                                0.750000    0.853256   -0.103257 (VIOLATED)
_2044_/B                                0.750000    0.853256   -0.103257 (VIOLATED)
max_cap111/A                            0.750000    0.853256   -0.103257 (VIOLATED)

max fanout

Pin                                   Limit Fanout  Slack
---------------------------------------------------------
clkbuf_0_sys_clk/X                       10     16     -6 (VIOLATED)
clkbuf_4_4_0_sys_clk/X                   10     11        (VIOLATED)
clkbuf_4_7_0_sys_clk/X                   10     11        (VIOLATED)



===========================================================================
report_parasitic_annotation -report_unannotated
============================================================================
Found 15 unannotated drivers.
 clkload0/X
 clkload1/X
 clkload10/Y
 clkload11/Y
 clkload12/Y
 clkload13/Y
 clkload14/X
 clkload2/Y
 clkload3/Y
 clkload4/X
 clkload5/Y
 clkload6/Y
 clkload7/Y
 clkload8/Y
 clkload9/X
Found 0 partially unannotated drivers.

===========================================================================
max slew violation count 3
max fanout violation count 3
max cap violation count 0
============================================================================

===========================================================================
check_setup -verbose -unconstrained_endpoints -multiple_clock -no_clock -no_input_delay -loops -generated_clocks
===========================================================================
Warning: There are 33 unclocked register/latch pins.
  _2133_/CLK
  _2221_/CLK
  _2222_/CLK
  _2223_/CLK
  _2224_/CLK
  _2225_/CLK
  _2226_/CLK
  _2227_/CLK
  _2228_/CLK
  _2229_/CLK
  _2230_/CLK
  _2231_/CLK
  _2232_/CLK
  _2233_/CLK
  _2234_/CLK
  _2235_/CLK
  _2236_/CLK
  _2237_/CLK
  _2238_/CLK
  _2239_/CLK
  _2240_/CLK
  _2241_/CLK
  _2242_/CLK
  _2243_/CLK
  _2244_/CLK
  _2245_/CLK
  _2246_/CLK
  _2247_/CLK
  _2248_/CLK
  _2249_/CLK
  _2250_/CLK
  _2251_/CLK
  _2252_/CLK
Warning: There are 33 unconstrained endpoints.
  _2133_/D
  _2221_/D
  _2222_/D
  _2223_/D
  _2224_/D
  _2225_/D
  _2226_/D
  _2227_/D
  _2228_/D
  _2229_/D
  _2230_/D
  _2231_/D
  _2232_/D
  _2233_/D
  _2234_/D
  _2235_/D
  _2236_/D
  _2237_/D
  _2238_/D
  _2239_/D
  _2240_/D
  _2241_/D
  _2242_/D
  _2243_/D
  _2244_/D
  _2245_/D
  _2246_/D
  _2247_/D
  _2248_/D
  _2249_/D
  _2250_/D
  _2251_/D
  _2252_/D
