┏━━━━━━━━━━━━━━━━━━━━━━┳━━━━━━━━━━┳━━━━━━━━━━┳━━━━━━━━━━┳━━━━━━━━━━┳━━━━━━━━━━━┳━━━━━━━━━━┳━━━━━━━━━━━┳━━━━━━━━━━┳━━━━━━━━━━━┳━━━━━━━━━━┳━━━━━━━━━━━┳━━━━━━━━━━┓
┃                      ┃ Hold     ┃ Reg to   ┃          ┃          ┃ of which  ┃ Setup    ┃           ┃          ┃           ┃ of which ┃           ┃          ┃
┃                      ┃ Worst    ┃ Reg      ┃          ┃ Hold Vio ┃ reg to    ┃ Worst    ┃ Reg to    ┃ Setup    ┃ Setup Vio ┃ reg to   ┃ Max Cap   ┃ Max Slew ┃
┃ Corner/Group         ┃ Slack    ┃ Paths    ┃ Hold TNS ┃ Count    ┃ reg       ┃ Slack    ┃ Reg Paths ┃ TNS      ┃ Count     ┃ reg      ┃ Violatio… ┃ Violati… ┃
┡━━━━━━━━━━━━━━━━━━━━━━╇━━━━━━━━━━╇━━━━━━━━━━╇━━━━━━━━━━╇━━━━━━━━━━╇━━━━━━━━━━━╇━━━━━━━━━━╇━━━━━━━━━━━╇━━━━━━━━━━╇━━━━━━━━━━━╇━━━━━━━━━━╇━━━━━━━━━━━╇━━━━━━━━━━┩
│ Overall              │ -0.0018  │ -0.0018  │ -0.0036  │ 2        │ 2         │ -5.3157  │ -5.3157   │ -48.7545 │ 18        │ 18       │ 3         │ 253      │
│ nom_tt_025C_1v80     │ 0.1315   │ 0.1315   │ 0.0000   │ 0        │ 0         │ 2.4098   │ 2.4098    │ 0.0000   │ 0         │ 0        │ 1         │ 153      │
│ nom_ss_100C_1v60     │ 0.5131   │ 0.5131   │ 0.0000   │ 0        │ 0         │ -5.3157  │ -5.3157   │ -48.7545 │ 18        │ 18       │ 3         │ 253      │
│ nom_ff_n40C_1v95     │ -0.0018  │ -0.0018  │ -0.0036  │ 2        │ 2         │ 5.3185   │ 5.3185    │ 0.0000   │ 0         │ 0        │ 0         │ 71       │
└──────────────────────┴──────────┴──────────┴──────────┴──────────┴───────────┴──────────┴───────────┴──────────┴───────────┴──────────┴───────────┴──────────┘
