
===========================================================================
report_checks -unconstrained
===========================================================================
======================= nom_ss_100C_1v60 Corner ===================================

Startpoint: _2184_ (rising edge-triggered flip-flop clocked by sys_clk)
Endpoint: _2219_ (rising edge-triggered flip-flop clocked by sys_clk)
Path Group: sys_clk
Path Type: max

Fanout         Cap        Slew       Delay        Time   Description
---------------------------------------------------------------------------------------------
                                  0.000000    0.000000   clock sys_clk (rise edge)
                                  0.000000    0.000000   clock source latency
     1    0.025054    0.185459    0.128080    0.128080 ^ sys_clk (in)
                                                         sys_clk (net)
                      0.185508    0.000000    0.128080 ^ clkbuf_0_sys_clk/A (sky130_fd_sc_hd__clkbuf_16)
    16    0.115429    0.197672    0.383560    0.511641 ^ clkbuf_0_sys_clk/X (sky130_fd_sc_hd__clkbuf_16)
                                                         clknet_0_sys_clk (net)
                      0.197735    0.003374    0.515014 ^ clkbuf_4_6_0_sys_clk/A (sky130_fd_sc_hd__clkbuf_8)
     9    0.027495    0.101562    0.311468    0.826483 ^ clkbuf_4_6_0_sys_clk/X (sky130_fd_sc_hd__clkbuf_8)
                                                         clknet_4_6_0_sys_clk (net)
                      0.101563    0.000585    0.827068 ^ _2184_/CLK (sky130_fd_sc_hd__dfxtp_4)
     3    0.012271    0.090941    0.726891    1.553959 ^ _2184_/Q (sky130_fd_sc_hd__dfxtp_4)
                                                         lf_inst.error_in[1] (net)
                      0.090941    0.000388    1.554347 ^ fanout130/A (sky130_fd_sc_hd__buf_6)
    10    0.048920    0.165900    0.263206    1.817553 ^ fanout130/X (sky130_fd_sc_hd__buf_6)
                                                         net130 (net)
                      0.165904    0.001118    1.818671 ^ _1642_/B (sky130_fd_sc_hd__and2b_2)
     2    0.011705    0.125176    0.361713    2.180384 ^ _1642_/X (sky130_fd_sc_hd__and2b_2)
                                                         _1020_ (net)
                      0.125176    0.000264    2.180648 ^ rebuffer1/A (sky130_fd_sc_hd__dlygate4sd1_1)
     6    0.015220    0.237195    0.523829    2.704477 ^ rebuffer1/X (sky130_fd_sc_hd__dlygate4sd1_1)
                                                         net157 (net)
                      0.237195    0.000521    2.704998 ^ _1645_/B (sky130_fd_sc_hd__or2_1)
     3    0.012371    0.197051    0.331381    3.036379 ^ _1645_/X (sky130_fd_sc_hd__or2_1)
                                                         _1023_ (net)
                      0.197051    0.000256    3.036635 ^ _1661_/A2 (sky130_fd_sc_hd__a211oi_2)
     4    0.013761    0.184098    0.246669    3.283304 v _1661_/Y (sky130_fd_sc_hd__a211oi_2)
                                                         _1037_ (net)
                      0.184099    0.000597    3.283901 v _1676_/C (sky130_fd_sc_hd__or4_1)
     2    0.007156    0.229500    1.221598    4.505499 v _1676_/X (sky130_fd_sc_hd__or4_1)
                                                         _0153_ (net)
                      0.229500    0.000215    4.505714 v _1677_/A2 (sky130_fd_sc_hd__a21o_1)
     2    0.005302    0.079919    0.404141    4.909855 v _1677_/X (sky130_fd_sc_hd__a21o_1)
                                                         _0154_ (net)
                      0.079919    0.000120    4.909975 v _1679_/A (sky130_fd_sc_hd__and2_1)
     3    0.012710    0.145675    0.359698    5.269673 v _1679_/X (sky130_fd_sc_hd__and2_1)
                                                         _0156_ (net)
                      0.145675    0.000346    5.270019 v _1936_/B (sky130_fd_sc_hd__xnor2_1)
     3    0.011496    0.219981    0.338834    5.608853 v _1936_/Y (sky130_fd_sc_hd__xnor2_1)
                                                         _0375_ (net)
                      0.219981    0.000265    5.609118 v _1949_/B1 (sky130_fd_sc_hd__a211o_1)
     2    0.006937    0.121832    0.600833    6.209951 v _1949_/X (sky130_fd_sc_hd__a211o_1)
                                                         _0386_ (net)
                      0.121832    0.000275    6.210227 v _1968_/A1 (sky130_fd_sc_hd__a311o_1)
     3    0.013242    0.184885    0.633840    6.844067 v _1968_/X (sky130_fd_sc_hd__a311o_1)
                                                         _0403_ (net)
                      0.184885    0.000485    6.844552 v _1984_/A (sky130_fd_sc_hd__or2_1)
     3    0.009922    0.159608    0.619604    7.464156 v _1984_/X (sky130_fd_sc_hd__or2_1)
                                                         _0417_ (net)
                      0.159608    0.000286    7.464442 v _2007_/A2 (sky130_fd_sc_hd__a2111o_1)
     3    0.011495    0.193646    0.915029    8.379471 v _2007_/X (sky130_fd_sc_hd__a2111o_1)
                                                         _0436_ (net)
                      0.193646    0.000471    8.379941 v _2039_/A1 (sky130_fd_sc_hd__a211o_1)
     3    0.012847    0.175630    0.637097    9.017038 v _2039_/X (sky130_fd_sc_hd__a211o_1)
                                                         _0464_ (net)
                      0.175630    0.000354    9.017392 v _2057_/A2 (sky130_fd_sc_hd__a211o_1)
     2    0.010776    0.156250    0.662329    9.679721 v _2057_/X (sky130_fd_sc_hd__a211o_1)
                                                         _0480_ (net)
                      0.156250    0.000298    9.680018 v _2059_/A2 (sky130_fd_sc_hd__a31oi_4)
     3    0.008432    0.216063    0.312621    9.992640 ^ _2059_/Y (sky130_fd_sc_hd__a31oi_4)
                                                         _0482_ (net)
                      0.216063    0.000204    9.992845 ^ _2060_/B (sky130_fd_sc_hd__nor2_1)
     1    0.003471    0.066527    0.133567   10.126411 v _2060_/Y (sky130_fd_sc_hd__nor2_1)
                                                         _0483_ (net)
                      0.066527    0.000110   10.126521 v _2061_/B1 (sky130_fd_sc_hd__a221o_1)
     1    0.001828    0.082154    0.522779   10.649301 v _2061_/X (sky130_fd_sc_hd__a221o_1)
                                                         _0118_ (net)
                      0.082154    0.000051   10.649351 v _2219_/D (sky130_fd_sc_hd__dfxtp_1)
                                             10.649351   data arrival time

                                 10.000000   10.000000   clock sys_clk (rise edge)
                                  0.000000   10.000000   clock source latency
     1    0.025054    0.185459    0.128081   10.128081 ^ sys_clk (in)
                                                         sys_clk (net)
                      0.185508    0.000000   10.128081 ^ clkbuf_0_sys_clk/A (sky130_fd_sc_hd__clkbuf_16)
    16    0.115429    0.197672    0.383560   10.511641 ^ clkbuf_0_sys_clk/X (sky130_fd_sc_hd__clkbuf_16)
                                                         clknet_0_sys_clk (net)
                      0.197754    0.003781   10.515422 ^ clkbuf_4_15_0_sys_clk/A (sky130_fd_sc_hd__clkbuf_8)
    10    0.035189    0.118189    0.327107   10.842529 ^ clkbuf_4_15_0_sys_clk/X (sky130_fd_sc_hd__clkbuf_8)
                                                         clknet_4_15_0_sys_clk (net)
                      0.118214    0.001672   10.844201 ^ _2219_/CLK (sky130_fd_sc_hd__dfxtp_1)
                                 -0.250000   10.594201   clock uncertainty
                                  0.000000   10.594201   clock reconvergence pessimism
                                 -0.261041   10.333160   library setup time
                                             10.333160   data required time
---------------------------------------------------------------------------------------------
                                             10.333160   data required time
                                            -10.649351   data arrival time
---------------------------------------------------------------------------------------------
                                             -0.316191   slack (VIOLATED)




===========================================================================
report_checks --slack_max -0.01
============================================================================
======================= nom_ss_100C_1v60 Corner ===================================

Startpoint: _2184_ (rising edge-triggered flip-flop clocked by sys_clk)
Endpoint: _2219_ (rising edge-triggered flip-flop clocked by sys_clk)
Path Group: sys_clk
Path Type: max

Fanout         Cap        Slew       Delay        Time   Description
---------------------------------------------------------------------------------------------
                                  0.000000    0.000000   clock sys_clk (rise edge)
                                  0.000000    0.000000   clock source latency
     1    0.025054    0.185459    0.128080    0.128080 ^ sys_clk (in)
                                                         sys_clk (net)
                      0.185508    0.000000    0.128080 ^ clkbuf_0_sys_clk/A (sky130_fd_sc_hd__clkbuf_16)
    16    0.115429    0.197672    0.383560    0.511641 ^ clkbuf_0_sys_clk/X (sky130_fd_sc_hd__clkbuf_16)
                                                         clknet_0_sys_clk (net)
                      0.197735    0.003374    0.515014 ^ clkbuf_4_6_0_sys_clk/A (sky130_fd_sc_hd__clkbuf_8)
     9    0.027495    0.101562    0.311468    0.826483 ^ clkbuf_4_6_0_sys_clk/X (sky130_fd_sc_hd__clkbuf_8)
                                                         clknet_4_6_0_sys_clk (net)
                      0.101563    0.000585    0.827068 ^ _2184_/CLK (sky130_fd_sc_hd__dfxtp_4)
     3    0.012271    0.090941    0.726891    1.553959 ^ _2184_/Q (sky130_fd_sc_hd__dfxtp_4)
                                                         lf_inst.error_in[1] (net)
                      0.090941    0.000388    1.554347 ^ fanout130/A (sky130_fd_sc_hd__buf_6)
    10    0.048920    0.165900    0.263206    1.817553 ^ fanout130/X (sky130_fd_sc_hd__buf_6)
                                                         net130 (net)
                      0.165904    0.001118    1.818671 ^ _1642_/B (sky130_fd_sc_hd__and2b_2)
     2    0.011705    0.125176    0.361713    2.180384 ^ _1642_/X (sky130_fd_sc_hd__and2b_2)
                                                         _1020_ (net)
                      0.125176    0.000264    2.180648 ^ rebuffer1/A (sky130_fd_sc_hd__dlygate4sd1_1)
     6    0.015220    0.237195    0.523829    2.704477 ^ rebuffer1/X (sky130_fd_sc_hd__dlygate4sd1_1)
                                                         net157 (net)
                      0.237195    0.000521    2.704998 ^ _1645_/B (sky130_fd_sc_hd__or2_1)
     3    0.012371    0.197051    0.331381    3.036379 ^ _1645_/X (sky130_fd_sc_hd__or2_1)
                                                         _1023_ (net)
                      0.197051    0.000256    3.036635 ^ _1661_/A2 (sky130_fd_sc_hd__a211oi_2)
     4    0.013761    0.184098    0.246669    3.283304 v _1661_/Y (sky130_fd_sc_hd__a211oi_2)
                                                         _1037_ (net)
                      0.184099    0.000597    3.283901 v _1676_/C (sky130_fd_sc_hd__or4_1)
     2    0.007156    0.229500    1.221598    4.505499 v _1676_/X (sky130_fd_sc_hd__or4_1)
                                                         _0153_ (net)
                      0.229500    0.000215    4.505714 v _1677_/A2 (sky130_fd_sc_hd__a21o_1)
     2    0.005302    0.079919    0.404141    4.909855 v _1677_/X (sky130_fd_sc_hd__a21o_1)
                                                         _0154_ (net)
                      0.079919    0.000120    4.909975 v _1679_/A (sky130_fd_sc_hd__and2_1)
     3    0.012710    0.145675    0.359698    5.269673 v _1679_/X (sky130_fd_sc_hd__and2_1)
                                                         _0156_ (net)
                      0.145675    0.000346    5.270019 v _1936_/B (sky130_fd_sc_hd__xnor2_1)
     3    0.011496    0.219981    0.338834    5.608853 v _1936_/Y (sky130_fd_sc_hd__xnor2_1)
                                                         _0375_ (net)
                      0.219981    0.000265    5.609118 v _1949_/B1 (sky130_fd_sc_hd__a211o_1)
     2    0.006937    0.121832    0.600833    6.209951 v _1949_/X (sky130_fd_sc_hd__a211o_1)
                                                         _0386_ (net)
                      0.121832    0.000275    6.210227 v _1968_/A1 (sky130_fd_sc_hd__a311o_1)
     3    0.013242    0.184885    0.633840    6.844067 v _1968_/X (sky130_fd_sc_hd__a311o_1)
                                                         _0403_ (net)
                      0.184885    0.000485    6.844552 v _1984_/A (sky130_fd_sc_hd__or2_1)
     3    0.009922    0.159608    0.619604    7.464156 v _1984_/X (sky130_fd_sc_hd__or2_1)
                                                         _0417_ (net)
                      0.159608    0.000286    7.464442 v _2007_/A2 (sky130_fd_sc_hd__a2111o_1)
     3    0.011495    0.193646    0.915029    8.379471 v _2007_/X (sky130_fd_sc_hd__a2111o_1)
                                                         _0436_ (net)
                      0.193646    0.000471    8.379941 v _2039_/A1 (sky130_fd_sc_hd__a211o_1)
     3    0.012847    0.175630    0.637097    9.017038 v _2039_/X (sky130_fd_sc_hd__a211o_1)
                                                         _0464_ (net)
                      0.175630    0.000354    9.017392 v _2057_/A2 (sky130_fd_sc_hd__a211o_1)
     2    0.010776    0.156250    0.662329    9.679721 v _2057_/X (sky130_fd_sc_hd__a211o_1)
                                                         _0480_ (net)
                      0.156250    0.000298    9.680018 v _2059_/A2 (sky130_fd_sc_hd__a31oi_4)
     3    0.008432    0.216063    0.312621    9.992640 ^ _2059_/Y (sky130_fd_sc_hd__a31oi_4)
                                                         _0482_ (net)
                      0.216063    0.000204    9.992845 ^ _2060_/B (sky130_fd_sc_hd__nor2_1)
     1    0.003471    0.066527    0.133567   10.126411 v _2060_/Y (sky130_fd_sc_hd__nor2_1)
                                                         _0483_ (net)
                      0.066527    0.000110   10.126521 v _2061_/B1 (sky130_fd_sc_hd__a221o_1)
     1    0.001828    0.082154    0.522779   10.649301 v _2061_/X (sky130_fd_sc_hd__a221o_1)
                                                         _0118_ (net)
                      0.082154    0.000051   10.649351 v _2219_/D (sky130_fd_sc_hd__dfxtp_1)
                                             10.649351   data arrival time

                                 10.000000   10.000000   clock sys_clk (rise edge)
                                  0.000000   10.000000   clock source latency
     1    0.025054    0.185459    0.128081   10.128081 ^ sys_clk (in)
                                                         sys_clk (net)
                      0.185508    0.000000   10.128081 ^ clkbuf_0_sys_clk/A (sky130_fd_sc_hd__clkbuf_16)
    16    0.115429    0.197672    0.383560   10.511641 ^ clkbuf_0_sys_clk/X (sky130_fd_sc_hd__clkbuf_16)
                                                         clknet_0_sys_clk (net)
                      0.197754    0.003781   10.515422 ^ clkbuf_4_15_0_sys_clk/A (sky130_fd_sc_hd__clkbuf_8)
    10    0.035189    0.118189    0.327107   10.842529 ^ clkbuf_4_15_0_sys_clk/X (sky130_fd_sc_hd__clkbuf_8)
                                                         clknet_4_15_0_sys_clk (net)
                      0.118214    0.001672   10.844201 ^ _2219_/CLK (sky130_fd_sc_hd__dfxtp_1)
                                 -0.250000   10.594201   clock uncertainty
                                  0.000000   10.594201   clock reconvergence pessimism
                                 -0.261041   10.333160   library setup time
                                             10.333160   data required time
---------------------------------------------------------------------------------------------
                                             10.333160   data required time
                                            -10.649351   data arrival time
---------------------------------------------------------------------------------------------
                                             -0.316191   slack (VIOLATED)




===========================================================================
 report_check_types -max_slew -max_cap -max_fanout -violators
============================================================================
======================= nom_ss_100C_1v60 Corner ===================================

max slew

Pin                                        Limit        Slew       Slack
------------------------------------------------------------------------
_2040_/Y                                0.750000    0.875325   -0.125325 (VIOLATED)
_2044_/B                                0.750000    0.875325   -0.125325 (VIOLATED)
max_cap111/A                            0.750000    0.875325   -0.125325 (VIOLATED)

max fanout

Pin                                   Limit Fanout  Slack
---------------------------------------------------------
clkbuf_0_sys_clk/X                       10     16     -6 (VIOLATED)
clkbuf_4_4_0_sys_clk/X                   10     11        (VIOLATED)
clkbuf_4_7_0_sys_clk/X                   10     11        (VIOLATED)



===========================================================================
report_parasitic_annotation -report_unannotated
============================================================================
Found 15 unannotated drivers.
 clkload0/X
 clkload1/X
 clkload10/Y
 clkload11/Y
 clkload12/Y
 clkload13/Y
 clkload14/X
 clkload2/Y
 clkload3/Y
 clkload4/X
 clkload5/Y
 clkload6/Y
 clkload7/Y
 clkload8/Y
 clkload9/X
Found 0 partially unannotated drivers.

===========================================================================
max slew violation count 3
max fanout violation count 3
max cap violation count 0
============================================================================

===========================================================================
check_setup -verbose -unconstrained_endpoints -multiple_clock -no_clock -no_input_delay -loops -generated_clocks
===========================================================================
Warning: There are 33 unclocked register/latch pins.
  _2133_/CLK
  _2221_/CLK
  _2222_/CLK
  _2223_/CLK
  _2224_/CLK
  _2225_/CLK
  _2226_/CLK
  _2227_/CLK
  _2228_/CLK
  _2229_/CLK
  _2230_/CLK
  _2231_/CLK
  _2232_/CLK
  _2233_/CLK
  _2234_/CLK
  _2235_/CLK
  _2236_/CLK
  _2237_/CLK
  _2238_/CLK
  _2239_/CLK
  _2240_/CLK
  _2241_/CLK
  _2242_/CLK
  _2243_/CLK
  _2244_/CLK
  _2245_/CLK
  _2246_/CLK
  _2247_/CLK
  _2248_/CLK
  _2249_/CLK
  _2250_/CLK
  _2251_/CLK
  _2252_/CLK
Warning: There are 33 unconstrained endpoints.
  _2133_/D
  _2221_/D
  _2222_/D
  _2223_/D
  _2224_/D
  _2225_/D
  _2226_/D
  _2227_/D
  _2228_/D
  _2229_/D
  _2230_/D
  _2231_/D
  _2232_/D
  _2233_/D
  _2234_/D
  _2235_/D
  _2236_/D
  _2237_/D
  _2238_/D
  _2239_/D
  _2240_/D
  _2241_/D
  _2242_/D
  _2243_/D
  _2244_/D
  _2245_/D
  _2246_/D
  _2247_/D
  _2248_/D
  _2249_/D
  _2250_/D
  _2251_/D
  _2252_/D
