                                                                       Cells by Function                                                                        
┏━━━━━━━━━━━━━━━━━━━━━━━━━━━━━━━━━━━━━━━━━━━━━━━━━━━━━━━━━━━━━━━━━━━━━━━━━━━━━━━━━━━━━━━━━━━━━━━━━━━━━━━━━━━━━━━━━━━━━━━━━━━━━━━━━┳━━━━━━━━━━━━━━━━━━━━━━━━━━━━┓
┃ Cell Function                                                                                                                   ┃ Count                      ┃
┡━━━━━━━━━━━━━━━━━━━━━━━━━━━━━━━━━━━━━━━━━━━━━━━━━━━━━━━━━━━━━━━━━━━━━━━━━━━━━━━━━━━━━━━━━━━━━━━━━━━━━━━━━━━━━━━━━━━━━━━━━━━━━━━━━╇━━━━━━━━━━━━━━━━━━━━━━━━━━━━┩
│ sky130_ef_sc_hd__decap                                                                                                          │ 532                        │
│ sky130_fd_sc_hd__a2111o                                                                                                         │ 4                          │
│ sky130_fd_sc_hd__a2111oi                                                                                                        │ 2                          │
│ sky130_fd_sc_hd__a211o                                                                                                          │ 20                         │
│ sky130_fd_sc_hd__a211oi                                                                                                         │ 3                          │
│ sky130_fd_sc_hd__a21bo                                                                                                          │ 9                          │
│ sky130_fd_sc_hd__a21boi                                                                                                         │ 5                          │
│ sky130_fd_sc_hd__a21o                                                                                                           │ 38                         │
│ sky130_fd_sc_hd__a21oi                                                                                                          │ 46                         │
│ sky130_fd_sc_hd__a221o                                                                                                          │ 29                         │
│ sky130_fd_sc_hd__a221oi                                                                                                         │ 2                          │
│ sky130_fd_sc_hd__a22o                                                                                                           │ 21                         │
│ sky130_fd_sc_hd__a22oi                                                                                                          │ 7                          │
│ sky130_fd_sc_hd__a2bb2o                                                                                                         │ 4                          │
│ sky130_fd_sc_hd__a311o                                                                                                          │ 2                          │
│ sky130_fd_sc_hd__a31o                                                                                                           │ 41                         │
│ sky130_fd_sc_hd__a31oi                                                                                                          │ 5                          │
│ sky130_fd_sc_hd__a32o                                                                                                           │ 2                          │
│ sky130_fd_sc_hd__and2                                                                                                           │ 90                         │
│ sky130_fd_sc_hd__and2b                                                                                                          │ 11                         │
│ sky130_fd_sc_hd__and3                                                                                                           │ 34                         │
│ sky130_fd_sc_hd__and3b                                                                                                          │ 11                         │
│ sky130_fd_sc_hd__and4                                                                                                           │ 12                         │
│ sky130_fd_sc_hd__and4b                                                                                                          │ 4                          │
│ sky130_fd_sc_hd__and4bb                                                                                                         │ 3                          │
│ sky130_fd_sc_hd__buf                                                                                                            │ 149                        │
│ sky130_fd_sc_hd__bufinv                                                                                                         │ 4                          │
│ sky130_fd_sc_hd__clkbuf                                                                                                         │ 116                        │
│ sky130_fd_sc_hd__clkinv                                                                                                         │ 3                          │
│ sky130_fd_sc_hd__clkinvlp                                                                                                       │ 3                          │
│ sky130_fd_sc_hd__decap                                                                                                          │ 849                        │
│ sky130_fd_sc_hd__dfrtp                                                                                                          │ 6                          │
│ sky130_fd_sc_hd__dfxtp                                                                                                          │ 148                        │
│ sky130_fd_sc_hd__dlygate4sd1                                                                                                    │ 5                          │
│ sky130_fd_sc_hd__dlygate4sd3                                                                                                    │ 61                         │
│ sky130_fd_sc_hd__dlymetal6s2s                                                                                                   │ 27                         │
│ sky130_fd_sc_hd__fill                                                                                                           │ 647                        │
│ sky130_fd_sc_hd__inv                                                                                                            │ 32                         │
│ sky130_fd_sc_hd__mux2                                                                                                           │ 9                          │
│ sky130_fd_sc_hd__nand2                                                                                                          │ 113                        │
│ sky130_fd_sc_hd__nand2b                                                                                                         │ 6                          │
│ sky130_fd_sc_hd__nand3                                                                                                          │ 10                         │
│ sky130_fd_sc_hd__nand3b                                                                                                         │ 1                          │
│ sky130_fd_sc_hd__nand4b                                                                                                         │ 1                          │
│ sky130_fd_sc_hd__nor2                                                                                                           │ 114                        │
│ sky130_fd_sc_hd__nor3                                                                                                           │ 2                          │
│ sky130_fd_sc_hd__nor3b                                                                                                          │ 2                          │
│ sky130_fd_sc_hd__nor4                                                                                                           │ 1                          │
│ sky130_fd_sc_hd__o2111ai                                                                                                        │ 1                          │
│ sky130_fd_sc_hd__o211a                                                                                                          │ 11                         │
│ sky130_fd_sc_hd__o211ai                                                                                                         │ 5                          │
│ sky130_fd_sc_hd__o21a                                                                                                           │ 27                         │
│ sky130_fd_sc_hd__o21ai                                                                                                          │ 37                         │
│ sky130_fd_sc_hd__o21ba                                                                                                          │ 6                          │
│ sky130_fd_sc_hd__o21bai                                                                                                         │ 2                          │
│ sky130_fd_sc_hd__o221a                                                                                                          │ 9                          │
│ sky130_fd_sc_hd__o221ai                                                                                                         │ 1                          │
│ sky130_fd_sc_hd__o22a                                                                                                           │ 11                         │
│ sky130_fd_sc_hd__o22ai                                                                                                          │ 3                          │
│ sky130_fd_sc_hd__o2bb2a                                                                                                         │ 1                          │
│ sky130_fd_sc_hd__o311a                                                                                                          │ 3                          │
│ sky130_fd_sc_hd__o31a                                                                                                           │ 10                         │
│ sky130_fd_sc_hd__o31ai                                                                                                          │ 2                          │
│ sky130_fd_sc_hd__o32a                                                                                                           │ 2                          │
│ sky130_fd_sc_hd__o41a                                                                                                           │ 2                          │
│ sky130_fd_sc_hd__or2                                                                                                            │ 73                         │
│ sky130_fd_sc_hd__or3                                                                                                            │ 17                         │
│ sky130_fd_sc_hd__or3b                                                                                                           │ 6                          │
│ sky130_fd_sc_hd__or4                                                                                                            │ 15                         │
│ sky130_fd_sc_hd__or4b                                                                                                           │ 4                          │
│ sky130_fd_sc_hd__or4bb                                                                                                          │ 1                          │
│ sky130_fd_sc_hd__tapvpwrvgnd                                                                                                    │ 378                        │
│ sky130_fd_sc_hd__xnor2                                                                                                          │ 61                         │
│ sky130_fd_sc_hd__xor2                                                                                                           │ 30                         │
└─────────────────────────────────────────────────────────────────────────────────────────────────────────────────────────────────┴────────────────────────────┘
