
===========================================================================
 report_power
============================================================================
======================= max_tt_025C_1v80 Corner ===================================

Group                    Internal    Switching      Leakage        Total
                            Power        Power        Power        Power (Watts)
------------------------------------------------------------------------
Sequential           6.187489e-04 5.950684e-05 1.300189e-09 6.782571e-04  35.5%
Combinational        3.278499e-04 3.875013e-04 4.253956e-09 7.153554e-04  37.4%
Clock                2.866977e-04 2.307784e-04 2.970161e-09 5.174791e-04  27.1%
Macro                0.000000e+00 0.000000e+00 0.000000e+00 0.000000e+00   0.0%
Pad                  0.000000e+00 0.000000e+00 0.000000e+00 0.000000e+00   0.0%
------------------------------------------------------------------------
Total                1.233297e-03 6.777867e-04 8.524350e-09 1.911092e-03 100.0%
                            64.5%        35.5%         0.0%

