┏━━━━━━━━━━━━━━━━━━━━━━┳━━━━━━━━━━┳━━━━━━━━━━┳━━━━━━━━━━┳━━━━━━━━━━┳━━━━━━━━━━━┳━━━━━━━━━━┳━━━━━━━━━━━┳━━━━━━━━━━┳━━━━━━━━━━━┳━━━━━━━━━━┳━━━━━━━━━━━┳━━━━━━━━━━┓
┃                      ┃ Hold     ┃ Reg to   ┃          ┃          ┃ of which  ┃ Setup    ┃           ┃          ┃           ┃ of which ┃           ┃          ┃
┃                      ┃ Worst    ┃ Reg      ┃          ┃ Hold Vio ┃ reg to    ┃ Worst    ┃ Reg to    ┃ Setup    ┃ Setup Vio ┃ reg to   ┃ Max Cap   ┃ Max Slew ┃
┃ Corner/Group         ┃ Slack    ┃ Paths    ┃ Hold TNS ┃ Count    ┃ reg       ┃ Slack    ┃ Reg Paths ┃ TNS      ┃ Count     ┃ reg      ┃ Violatio… ┃ Violati… ┃
┡━━━━━━━━━━━━━━━━━━━━━━╇━━━━━━━━━━╇━━━━━━━━━━╇━━━━━━━━━━╇━━━━━━━━━━╇━━━━━━━━━━━╇━━━━━━━━━━╇━━━━━━━━━━━╇━━━━━━━━━━╇━━━━━━━━━━━╇━━━━━━━━━━╇━━━━━━━━━━━╇━━━━━━━━━━┩
│ Overall              │ 0.1083   │ 0.1083   │ 0.0000   │ 0        │ 0         │ -0.7068  │ -0.7068   │ -1.8058  │ 13        │ 13       │ 0         │ 3        │
│ nom_tt_025C_1v80     │ 0.3235   │ 0.3235   │ 0.0000   │ 0        │ 0         │ 4.4495   │ 4.4495    │ 0.0000   │ 0         │ 0        │ 0         │ 0        │
│ nom_ss_100C_1v60     │ 0.8757   │ 0.8757   │ 0.0000   │ 0        │ 0         │ -0.6043  │ -0.6043   │ -1.2575  │ 4         │ 4        │ 0         │ 0        │
│ nom_ff_n40C_1v95     │ 0.1108   │ 0.1108   │ 0.0000   │ 0        │ 0         │ 5.9283   │ 7.1172    │ 0.0000   │ 0         │ 0        │ 0         │ 0        │
│ min_tt_025C_1v80     │ 0.3193   │ 0.3193   │ 0.0000   │ 0        │ 0         │ 4.4758   │ 4.4758    │ 0.0000   │ 0         │ 0        │ 0         │ 0        │
│ min_ss_100C_1v60     │ 0.8667   │ 0.8667   │ 0.0000   │ 0        │ 0         │ -0.5107  │ -0.5107   │ -0.9680  │ 3         │ 3        │ 0         │ 0        │
│ min_ff_n40C_1v95     │ 0.1083   │ 0.1083   │ 0.0000   │ 0        │ 0         │ 5.9995   │ 7.1583    │ 0.0000   │ 0         │ 0        │ 0         │ 0        │
│ max_tt_025C_1v80     │ 0.3277   │ 0.3277   │ 0.0000   │ 0        │ 0         │ 4.4147   │ 4.4147    │ 0.0000   │ 0         │ 0        │ 0         │ 0        │
│ max_ss_100C_1v60     │ 0.8844   │ 0.8844   │ 0.0000   │ 0        │ 0         │ -0.7068  │ -0.7068   │ -1.8058  │ 6         │ 6        │ 0         │ 3        │
│ max_ff_n40C_1v95     │ 0.1135   │ 0.1135   │ 0.0000   │ 0        │ 0         │ 5.8540   │ 7.0813    │ 0.0000   │ 0         │ 0        │ 0         │ 0        │
└──────────────────────┴──────────┴──────────┴──────────┴──────────┴───────────┴──────────┴───────────┴──────────┴───────────┴──────────┴───────────┴──────────┘
