
===========================================================================
 report_power
============================================================================
======================= nom_tt_025C_5v00 Corner ===================================

Group                    Internal    Switching      Leakage        Total
                            Power        Power        Power        Power (Watts)
------------------------------------------------------------------------
Sequential           3.764530e-03 7.180141e-04 6.102523e-08 4.482605e-03  58.6%
Combinational        2.028874e-03 1.137429e-03 1.342307e-07 3.166437e-03  41.4%
Clock                0.000000e+00 0.000000e+00 0.000000e+00 0.000000e+00   0.0%
Macro                0.000000e+00 0.000000e+00 0.000000e+00 0.000000e+00   0.0%
Pad                  0.000000e+00 0.000000e+00 0.000000e+00 0.000000e+00   0.0%
------------------------------------------------------------------------
Total                5.793403e-03 1.855442e-03 1.952560e-07 7.649041e-03 100.0%
                            75.7%        24.3%         0.0%

