Clock: sys_clk
Sources: sys_clk 
Generated: no
Virtual: yes
Propagated: no
Period: 10.000000

===========================================================================
report_clock_properties
============================================================================
Clock                   Period          Waveform
----------------------------------------------------
sys_clk              10.000000    0.000000  5.000000

===========================================================================
report_clock_latency
============================================================================
Clock sys_clk
rise -> rise
    min     max
0.000000 0.000000 source latency
0.351755         network latency _2215_/CLK
        1.124958 network latency _2198_/CLK
---------------
0.351755 1.124958 latency
        0.773203 skew

rise -> fall
    min     max
0.000000 0.000000 source latency
0.746865         network latency _2212_/CLK
        0.984561 network latency _2198_/CLK
---------------
0.746865 0.984561 latency
        0.237696 skew

fall -> fall
    min     max
0.000000 0.000000 source latency
0.295415         network latency _2215_/CLK
        0.305598 network latency _2064_/CLK
---------------
0.295415 0.305598 latency
        0.010183 skew



===========================================================================
report_clock_min_period
============================================================================
sys_clk period_min = 3.77 fmax = 264.98
