
===========================================================================
 report_power
============================================================================
======================= nom_tt_025C_1v80 Corner ===================================

Group                    Internal    Switching      Leakage        Total
                            Power        Power        Power        Power (Watts)
------------------------------------------------------------------------
Sequential           5.985793e-04 4.446321e-05 1.277580e-09 6.430438e-04  40.5%
Combinational        2.518364e-04 2.686042e-04 4.246030e-09 5.204449e-04  32.7%
Clock                2.567933e-04 1.691156e-04 6.039910e-10 4.259095e-04  26.8%
Macro                0.000000e+00 0.000000e+00 0.000000e+00 0.000000e+00   0.0%
Pad                  0.000000e+00 0.000000e+00 0.000000e+00 0.000000e+00   0.0%
------------------------------------------------------------------------
Total                1.107209e-03 4.821831e-04 6.127578e-09 1.589398e-03 100.0%
                            69.7%        30.3%         0.0%
Writing metric power__internal__total: 0.0011072087800130248
Writing metric power__switching__total: 0.0004821830661967397
Writing metric power__leakage__total: 6.127578444647952e-9
Writing metric power__total: 0.0015893980162218213

