
===========================================================================
report_checks -unconstrained
===========================================================================
======================= nom_tt_025C_1v80 Corner ===================================

Startpoint: rst_n (input port clocked by sys_clk)
Endpoint: _2141_ (recovery check against rising-edge clock sys_clk)
Path Group: asynchronous
Path Type: max

Fanout         Cap        Slew       Delay        Time   Description
---------------------------------------------------------------------------------------------
                                  0.000000    0.000000   clock sys_clk (rise edge)
                                  0.000000    0.000000   clock network delay (propagated)
                                  2.000000    2.000000 ^ input external delay
     1    0.002654    0.019107    0.009815    2.009815 ^ rst_n (in)
                                                         rst_n (net)
                      0.019107    0.000000    2.009815 ^ input66/A (sky130_fd_sc_hd__clkbuf_1)
     1    0.005065    0.069110    0.089665    2.099480 ^ input66/X (sky130_fd_sc_hd__clkbuf_1)
                                                         net66 (net)
                      0.069110    0.000179    2.099659 ^ fanout261/A (sky130_fd_sc_hd__buf_1)
     2    0.013831    0.168685    0.175317    2.274976 ^ fanout261/X (sky130_fd_sc_hd__buf_1)
                                                         net261 (net)
                      0.168693    0.000955    2.275932 ^ fanout260/A (sky130_fd_sc_hd__buf_1)
     3    0.014420    0.175407    0.200977    2.476908 ^ fanout260/X (sky130_fd_sc_hd__buf_1)
                                                         net260 (net)
                      0.175463    0.000652    2.477560 ^ fanout257/A (sky130_fd_sc_hd__buf_1)
     2    0.013511    0.165088    0.194660    2.672220 ^ fanout257/X (sky130_fd_sc_hd__buf_1)
                                                         net257 (net)
                      0.165140    0.000299    2.672519 ^ fanout256/A (sky130_fd_sc_hd__buf_1)
     3    0.012447    0.152963    0.184786    2.857305 ^ fanout256/X (sky130_fd_sc_hd__buf_1)
                                                         net256 (net)
                      0.152963    0.000591    2.857896 ^ fanout253/A (sky130_fd_sc_hd__buf_1)
     3    0.013303    0.162693    0.190004    3.047901 ^ fanout253/X (sky130_fd_sc_hd__buf_1)
                                                         net253 (net)
                      0.162693    0.000261    3.048161 ^ _2141_/RESET_B (sky130_fd_sc_hd__dfrtp_1)
                                              3.048161   data arrival time

                                 10.000000   10.000000   clock sys_clk (rise edge)
                                  0.000000   10.000000   clock source latency
     1    0.019151    0.091693    0.063824   10.063824 ^ sys_clk (in)
                                                         sys_clk (net)
                      0.091749    0.000000   10.063824 ^ clkbuf_0_sys_clk/A (sky130_fd_sc_hd__clkbuf_16)
    16    0.096147    0.112606    0.198781   10.262606 ^ clkbuf_0_sys_clk/X (sky130_fd_sc_hd__clkbuf_16)
                                                         clknet_0_sys_clk (net)
                      0.112855    0.003856   10.266461 ^ clkbuf_4_8_0_sys_clk/A (sky130_fd_sc_hd__clkbuf_8)
    10    0.033467    0.071685    0.173654   10.440116 ^ clkbuf_4_8_0_sys_clk/X (sky130_fd_sc_hd__clkbuf_8)
                                                         clknet_4_8_0_sys_clk (net)
                      0.071690    0.000672   10.440788 ^ _2141_/CLK (sky130_fd_sc_hd__dfrtp_1)
                                 -0.250000   10.190788   clock uncertainty
                                  0.000000   10.190788   clock reconvergence pessimism
                                  0.208173   10.398961   library recovery time
                                             10.398961   data required time
---------------------------------------------------------------------------------------------
                                             10.398961   data required time
                                             -3.048161   data arrival time
---------------------------------------------------------------------------------------------
                                              7.350800   slack (MET)


Startpoint: _2146_ (rising edge-triggered flip-flop clocked by sys_clk)
Endpoint: _2181_ (rising edge-triggered flip-flop clocked by sys_clk)
Path Group: sys_clk
Path Type: max

Fanout         Cap        Slew       Delay        Time   Description
---------------------------------------------------------------------------------------------
                                  0.000000    0.000000   clock sys_clk (rise edge)
                                  0.000000    0.000000   clock source latency
     1    0.019151    0.091693    0.063824    0.063824 ^ sys_clk (in)
                                                         sys_clk (net)
                      0.091749    0.000000    0.063824 ^ clkbuf_0_sys_clk/A (sky130_fd_sc_hd__clkbuf_16)
    16    0.096147    0.112606    0.198781    0.262605 ^ clkbuf_0_sys_clk/X (sky130_fd_sc_hd__clkbuf_16)
                                                         clknet_0_sys_clk (net)
                      0.112848    0.003782    0.266387 ^ clkbuf_4_9_0_sys_clk/A (sky130_fd_sc_hd__clkbuf_8)
     7    0.032377    0.070000    0.172409    0.438796 ^ clkbuf_4_9_0_sys_clk/X (sky130_fd_sc_hd__clkbuf_8)
                                                         clknet_4_9_0_sys_clk (net)
                      0.070002    0.000528    0.439324 ^ _2146_/CLK (sky130_fd_sc_hd__dfxtp_2)
     3    0.013718    0.045675    0.339507    0.778831 v _2146_/Q (sky130_fd_sc_hd__dfxtp_2)
                                                         lf_inst.error_in[1] (net)
                      0.045675    0.000351    0.779182 v fanout187/A (sky130_fd_sc_hd__buf_6)
     3    0.011787    0.026715    0.117206    0.896388 v fanout187/X (sky130_fd_sc_hd__buf_6)
                                                         net187 (net)
                      0.026738    0.000494    0.896882 v fanout185/A (sky130_fd_sc_hd__buf_6)
     5    0.012789    0.027532    0.110108    1.006990 v fanout185/X (sky130_fd_sc_hd__buf_6)
                                                         net185 (net)
                      0.027536    0.000310    1.007301 v _1819_/C_N (sky130_fd_sc_hd__nor3b_2)
     1    0.003580    0.055530    0.142384    1.149685 v _1819_/Y (sky130_fd_sc_hd__nor3b_2)
                                                         _0271_ (net)
                      0.055530    0.000119    1.149804 v fanout140/A (sky130_fd_sc_hd__clkbuf_2)
     2    0.007915    0.040544    0.118826    1.268630 v fanout140/X (sky130_fd_sc_hd__clkbuf_2)
                                                         net140 (net)
                      0.040545    0.000245    1.268875 v fanout138/A (sky130_fd_sc_hd__buf_6)
     5    0.021948    0.034711    0.125149    1.394024 v fanout138/X (sky130_fd_sc_hd__buf_6)
                                                         net138 (net)
                      0.034855    0.001601    1.395625 v fanout137/A (sky130_fd_sc_hd__buf_8)
     5    0.022569    0.032166    0.120926    1.516552 v fanout137/X (sky130_fd_sc_hd__buf_8)
                                                         net137 (net)
                      0.032171    0.000423    1.516975 v fanout136/A (sky130_fd_sc_hd__buf_8)
     5    0.028505    0.036010    0.123838    1.640812 v fanout136/X (sky130_fd_sc_hd__buf_8)
                                                         net136 (net)
                      0.036056    0.001128    1.641940 v _1844_/B (sky130_fd_sc_hd__xnor2_4)
     4    0.010909    0.075452    0.124807    1.766748 v _1844_/Y (sky130_fd_sc_hd__xnor2_4)
                                                         _0293_ (net)
                      0.075452    0.000148    1.766895 v _1859_/A (sky130_fd_sc_hd__or3b_4)
     1    0.002965    0.062463    0.390543    2.157439 v _1859_/X (sky130_fd_sc_hd__or3b_4)
                                                         _0305_ (net)
                      0.062463    0.000069    2.157507 v _1860_/C (sky130_fd_sc_hd__or4_4)
     2    0.012783    0.099094    0.508744    2.666251 v _1860_/X (sky130_fd_sc_hd__or4_4)
                                                         _0306_ (net)
                      0.099094    0.000474    2.666726 v _1865_/A2 (sky130_fd_sc_hd__a21oi_4)
     4    0.013310    0.143538    0.196304    2.863029 ^ _1865_/Y (sky130_fd_sc_hd__a21oi_4)
                                                         _0311_ (net)
                      0.143538    0.000429    2.863459 ^ _1915_/B (sky130_fd_sc_hd__and4b_1)
     1    0.005859    0.083586    0.223876    3.087335 ^ _1915_/X (sky130_fd_sc_hd__and4b_1)
                                                         _0353_ (net)
                      0.083586    0.000162    3.087497 ^ _1917_/C1 (sky130_fd_sc_hd__a211oi_2)
     2    0.006752    0.080419    0.049115    3.136612 v _1917_/Y (sky130_fd_sc_hd__a211oi_2)
                                                         _0355_ (net)
                      0.080419    0.000262    3.136874 v _1932_/A1 (sky130_fd_sc_hd__a2111o_1)
     3    0.010694    0.097734    0.419070    3.555944 v _1932_/X (sky130_fd_sc_hd__a2111o_1)
                                                         _0368_ (net)
                      0.097734    0.000388    3.556332 v _1948_/B (sky130_fd_sc_hd__or4b_4)
     3    0.009311    0.093092    0.543481    4.099813 v _1948_/X (sky130_fd_sc_hd__or4b_4)
                                                         _0382_ (net)
                      0.093092    0.000230    4.100043 v _1973_/A1 (sky130_fd_sc_hd__a2111o_1)
     3    0.010195    0.095795    0.421482    4.521525 v _1973_/X (sky130_fd_sc_hd__a2111o_1)
                                                         _0403_ (net)
                      0.095796    0.000516    4.522041 v _1980_/A2 (sky130_fd_sc_hd__a21o_1)
     1    0.002591    0.032002    0.189476    4.711517 v _1980_/X (sky130_fd_sc_hd__a21o_1)
                                                         _0410_ (net)
                      0.032002    0.000055    4.711572 v _2001_/A3 (sky130_fd_sc_hd__o31a_1)
     3    0.012262    0.087758    0.277927    4.989499 v _2001_/X (sky130_fd_sc_hd__o31a_1)
                                                         _0427_ (net)
                      0.087760    0.000637    4.990136 v _2018_/A2 (sky130_fd_sc_hd__o311a_4)
     2    0.011746    0.062093    0.379872    5.370008 v _2018_/X (sky130_fd_sc_hd__o311a_4)
                                                         _0442_ (net)
                      0.062093    0.000293    5.370301 v _2020_/B (sky130_fd_sc_hd__nor2_4)
     3    0.007208    0.077195    0.089305    5.459606 ^ _2020_/Y (sky130_fd_sc_hd__nor2_4)
                                                         _0444_ (net)
                      0.077195    0.000110    5.459716 ^ _2021_/A_N (sky130_fd_sc_hd__and3b_1)
     1    0.003108    0.038330    0.177030    5.636745 v _2021_/X (sky130_fd_sc_hd__and3b_1)
                                                         _0445_ (net)
                      0.038330    0.000099    5.636845 v _2022_/C1 (sky130_fd_sc_hd__a211o_1)
     1    0.003022    0.048250    0.220106    5.856951 v _2022_/X (sky130_fd_sc_hd__a211o_1)
                                                         _0112_ (net)
                      0.048250    0.000102    5.857052 v _2181_/D (sky130_fd_sc_hd__dfxtp_1)
                                              5.857052   data arrival time

                                 10.000000   10.000000   clock sys_clk (rise edge)
                                  0.000000   10.000000   clock source latency
     1    0.019151    0.091693    0.063824   10.063824 ^ sys_clk (in)
                                                         sys_clk (net)
                      0.091749    0.000000   10.063824 ^ clkbuf_0_sys_clk/A (sky130_fd_sc_hd__clkbuf_16)
    16    0.096147    0.112606    0.198781   10.262606 ^ clkbuf_0_sys_clk/X (sky130_fd_sc_hd__clkbuf_16)
                                                         clknet_0_sys_clk (net)
                      0.112879    0.004075   10.266681 ^ clkbuf_4_10_0_sys_clk/A (sky130_fd_sc_hd__clkbuf_8)
     7    0.034160    0.072761    0.174468   10.441149 ^ clkbuf_4_10_0_sys_clk/X (sky130_fd_sc_hd__clkbuf_8)
                                                         clknet_4_10_0_sys_clk (net)
                      0.072775    0.000981   10.442129 ^ _2181_/CLK (sky130_fd_sc_hd__dfxtp_1)
                                 -0.250000   10.192129   clock uncertainty
                                  0.000000   10.192129   clock reconvergence pessimism
                                 -0.105467   10.086662   library setup time
                                             10.086662   data required time
---------------------------------------------------------------------------------------------
                                             10.086662   data required time
                                             -5.857052   data arrival time
---------------------------------------------------------------------------------------------
                                              4.229610   slack (MET)




===========================================================================
report_checks --slack_max -0.01
============================================================================
======================= nom_tt_025C_1v80 Corner ===================================

No paths found.


===========================================================================
 report_check_types -max_slew -max_cap -max_fanout -violators
============================================================================
======================= nom_tt_025C_1v80 Corner ===================================

max fanout

Pin                                   Limit Fanout  Slack
---------------------------------------------------------
clkbuf_0_sys_clk/X                        5     16    -11 (VIOLATED)
clkbuf_4_0_0_sys_clk/X                    5     13     -8 (VIOLATED)
clkbuf_4_15_0_sys_clk/X                   5     10     -5 (VIOLATED)
clkbuf_4_1_0_sys_clk/X                    5     10     -5 (VIOLATED)
clkbuf_4_4_0_sys_clk/X                    5     10     -5 (VIOLATED)
clkbuf_4_8_0_sys_clk/X                    5     10     -5 (VIOLATED)
clkbuf_4_11_0_sys_clk/X                   5      9     -4 (VIOLATED)
clkbuf_4_2_0_sys_clk/X                    5      9     -4 (VIOLATED)
clkbuf_4_5_0_sys_clk/X                    5      9     -4 (VIOLATED)
clkbuf_4_13_0_sys_clk/X                   5      8     -3 (VIOLATED)
clkbuf_4_14_0_sys_clk/X                   5      8     -3 (VIOLATED)
clkbuf_4_7_0_sys_clk/X                    5      8     -3 (VIOLATED)
clkbuf_4_10_0_sys_clk/X                   5      7     -2 (VIOLATED)
clkbuf_4_9_0_sys_clk/X                    5      7     -2 (VIOLATED)
clkbuf_4_12_0_sys_clk/X                   5      6        (VIOLATED)
clkbuf_4_3_0_sys_clk/X                    5      6        (VIOLATED)
clkbuf_4_6_0_sys_clk/X                    5      6        (VIOLATED)



===========================================================================
report_parasitic_annotation -report_unannotated
============================================================================
Found 15 unannotated drivers.
 clkload0/Y
 clkload1/Y
 clkload10/Y
 clkload11/Y
 clkload12/Y
 clkload13/Y
 clkload14/Y
 clkload2/Y
 clkload3/Y
 clkload4/Y
 clkload5/Y
 clkload6/Y
 clkload7/Y
 clkload8/Y
 clkload9/Y
Found 0 partially unannotated drivers.

===========================================================================
max slew violation count 0
Writing metric design__max_slew_violation__count__corner:nom_tt_025C_1v80: 0
max fanout violation count 17
Writing metric design__max_fanout_violation__count__corner:nom_tt_025C_1v80: 17
max cap violation count 0
Writing metric design__max_cap_violation__count__corner:nom_tt_025C_1v80: 0
============================================================================

===========================================================================
check_setup -verbose -unconstrained_endpoints -multiple_clock -no_clock -no_input_delay -loops -generated_clocks
===========================================================================
Warning: There are 33 unclocked register/latch pins.
  _2095_/CLK
  _2183_/CLK
  _2184_/CLK
  _2185_/CLK
  _2186_/CLK
  _2187_/CLK
  _2188_/CLK
  _2189_/CLK
  _2190_/CLK
  _2191_/CLK
  _2192_/CLK
  _2193_/CLK
  _2194_/CLK
  _2195_/CLK
  _2196_/CLK
  _2197_/CLK
  _2198_/CLK
  _2199_/CLK
  _2200_/CLK
  _2201_/CLK
  _2202_/CLK
  _2203_/CLK
  _2204_/CLK
  _2205_/CLK
  _2206_/CLK
  _2207_/CLK
  _2208_/CLK
  _2209_/CLK
  _2210_/CLK
  _2211_/CLK
  _2212_/CLK
  _2213_/CLK
  _2214_/CLK
Warning: There are 34 unconstrained endpoints.
  _2095_/D
  _2141_/D
  _2183_/D
  _2184_/D
  _2185_/D
  _2186_/D
  _2187_/D
  _2188_/D
  _2189_/D
  _2190_/D
  _2191_/D
  _2192_/D
  _2193_/D
  _2194_/D
  _2195_/D
  _2196_/D
  _2197_/D
  _2198_/D
  _2199_/D
  _2200_/D
  _2201_/D
  _2202_/D
  _2203_/D
  _2204_/D
  _2205_/D
  _2206_/D
  _2207_/D
  _2208_/D
  _2209_/D
  _2210_/D
  _2211_/D
  _2212_/D
  _2213_/D
  _2214_/D
