
===========================================================================
 report_power
============================================================================
======================= min_ff_n40C_1v95 Corner ===================================

Group                    Internal    Switching      Leakage        Total
                            Power        Power        Power        Power (Watts)
------------------------------------------------------------------------
Sequential           6.930690e-04 6.638328e-05 2.264656e-09 7.594546e-04  38.2%
Combinational        3.085916e-04 3.587503e-04 8.491261e-09 6.673505e-04  33.6%
Clock                3.270070e-04 2.321388e-04 4.319629e-09 5.591501e-04  28.2%
Macro                0.000000e+00 0.000000e+00 0.000000e+00 0.000000e+00   0.0%
Pad                  0.000000e+00 0.000000e+00 0.000000e+00 0.000000e+00   0.0%
------------------------------------------------------------------------
Total                1.328668e-03 6.572723e-04 1.507554e-08 1.985955e-03 100.0%
                            66.9%        33.1%         0.0%

