
===========================================================================
report_checks -unconstrained
===========================================================================
======================= min_ss_100C_1v60 Corner ===================================

Startpoint: _2184_ (rising edge-triggered flip-flop clocked by sys_clk)
Endpoint: _2219_ (rising edge-triggered flip-flop clocked by sys_clk)
Path Group: sys_clk
Path Type: max

Fanout         Cap        Slew       Delay        Time   Description
---------------------------------------------------------------------------------------------
                                  0.000000    0.000000   clock sys_clk (rise edge)
                                  0.000000    0.000000   clock source latency
     1    0.024618    0.182271    0.125208    0.125208 ^ sys_clk (in)
                                                         sys_clk (net)
                      0.182283    0.000000    0.125208 ^ clkbuf_0_sys_clk/A (sky130_fd_sc_hd__clkbuf_16)
    16    0.108836    0.188762    0.376163    0.501370 ^ clkbuf_0_sys_clk/X (sky130_fd_sc_hd__clkbuf_16)
                                                         clknet_0_sys_clk (net)
                      0.188768    0.001393    0.502763 ^ clkbuf_4_7_0_sys_clk/A (sky130_fd_sc_hd__clkbuf_8)
    11    0.031097    0.109124    0.315625    0.818388 ^ clkbuf_4_7_0_sys_clk/X (sky130_fd_sc_hd__clkbuf_8)
                                                         clknet_4_7_0_sys_clk (net)
                      0.109124    0.000338    0.818727 ^ _2184_/CLK (sky130_fd_sc_hd__dfxtp_2)
     2    0.008403    0.090876    0.689919    1.508646 ^ _2184_/Q (sky130_fd_sc_hd__dfxtp_2)
                                                         lf_inst.error_in[1] (net)
                      0.090876    0.000085    1.508731 ^ rebuffer2/A (sky130_fd_sc_hd__dlymetal6s2s_1)
     1    0.006384    0.134287    0.218471    1.727203 ^ rebuffer2/X (sky130_fd_sc_hd__dlymetal6s2s_1)
                                                         net227 (net)
                      0.134287    0.000178    1.727380 ^ fanout226/A (sky130_fd_sc_hd__clkbuf_1)
     2    0.008529    0.174660    0.252461    1.979842 ^ fanout226/X (sky130_fd_sc_hd__clkbuf_1)
                                                         net226 (net)
                      0.174660    0.000150    1.979992 ^ fanout220/A (sky130_fd_sc_hd__buf_1)
     3    0.013313    0.261209    0.331407    2.311399 ^ fanout220/X (sky130_fd_sc_hd__buf_1)
                                                         net220 (net)
                      0.261209    0.000265    2.311664 ^ fanout219/A (sky130_fd_sc_hd__clkbuf_1)
     2    0.005951    0.128818    0.266380    2.578043 ^ fanout219/X (sky130_fd_sc_hd__clkbuf_1)
                                                         net219 (net)
                      0.128818    0.000030    2.578073 ^ fanout218/A (sky130_fd_sc_hd__clkbuf_2)
     5    0.027360    0.238551    0.340991    2.919064 ^ fanout218/X (sky130_fd_sc_hd__clkbuf_2)
                                                         net218 (net)
                      0.238551    0.000183    2.919247 ^ _1742_/A (sky130_fd_sc_hd__nor2_1)
     1    0.003343    0.073030    0.154385    3.073632 v _1742_/Y (sky130_fd_sc_hd__nor2_1)
                                                         _0211_ (net)
                      0.073030    0.000026    3.073658 v _1744_/A (sky130_fd_sc_hd__nor2_1)
     3    0.015783    0.493545    0.437554    3.511212 ^ _1744_/Y (sky130_fd_sc_hd__nor2_1)
                                                         _0213_ (net)
                      0.493545    0.000139    3.511352 ^ _1760_/A (sky130_fd_sc_hd__nand2_1)
     2    0.006216    0.181889    0.291908    3.803259 v _1760_/Y (sky130_fd_sc_hd__nand2_1)
                                                         _0227_ (net)
                      0.181889    0.000038    3.803297 v _1761_/B (sky130_fd_sc_hd__or4b_1)
     1    0.005060    0.208790    1.254021    5.057318 v _1761_/X (sky130_fd_sc_hd__or4b_1)
                                                         _0228_ (net)
                      0.208790    0.000091    5.057409 v _1762_/B (sky130_fd_sc_hd__or4_4)
     2    0.007562    0.166424    1.084171    6.141581 v _1762_/X (sky130_fd_sc_hd__or4_4)
                                                         _0229_ (net)
                      0.166424    0.000068    6.141648 v _1764_/A1 (sky130_fd_sc_hd__a31o_4)
     5    0.018641    0.094286    0.475395    6.617043 v _1764_/X (sky130_fd_sc_hd__a31o_4)
                                                         _0231_ (net)
                      0.094286    0.000242    6.617285 v _1783_/A2 (sky130_fd_sc_hd__o211a_4)
     2    0.020151    0.103862    0.480522    7.097807 v _1783_/X (sky130_fd_sc_hd__o211a_4)
                                                         _0248_ (net)
                      0.103862    0.000288    7.098095 v _1784_/A (sky130_fd_sc_hd__xnor2_4)
     4    0.018982    0.143734    0.297017    7.395113 v _1784_/Y (sky130_fd_sc_hd__xnor2_4)
                                                         _0249_ (net)
                      0.143734    0.000520    7.395632 v _2027_/B (sky130_fd_sc_hd__xnor2_2)
     2    0.007999    0.133812    0.288720    7.684352 v _2027_/Y (sky130_fd_sc_hd__xnor2_2)
                                                         _0454_ (net)
                      0.133812    0.000060    7.684412 v _2038_/D (sky130_fd_sc_hd__or4_4)
     1    0.003183    0.146298    0.838846    8.523258 v _2038_/X (sky130_fd_sc_hd__or4_4)
                                                         _0463_ (net)
                      0.146298    0.000034    8.523292 v _2039_/B1 (sky130_fd_sc_hd__a211o_1)
     3    0.012604    0.173873    0.628340    9.151631 v _2039_/X (sky130_fd_sc_hd__a211o_1)
                                                         _0464_ (net)
                      0.173873    0.000301    9.151933 v _2057_/A2 (sky130_fd_sc_hd__a211o_1)
     2    0.011245    0.160580    0.666347    9.818280 v _2057_/X (sky130_fd_sc_hd__a211o_1)
                                                         _0480_ (net)
                      0.160580    0.000166    9.818446 v _2059_/A2 (sky130_fd_sc_hd__a31oi_4)
     3    0.008011    0.211844    0.311228   10.129674 ^ _2059_/Y (sky130_fd_sc_hd__a31oi_4)
                                                         _0482_ (net)
                      0.211844    0.000097   10.129771 ^ _2060_/A (sky130_fd_sc_hd__nor2_1)
     1    0.004446    0.075136    0.152880   10.282652 v _2060_/Y (sky130_fd_sc_hd__nor2_1)
                                                         _0483_ (net)
                      0.075136    0.000070   10.282722 v _2061_/B1 (sky130_fd_sc_hd__a221o_1)
     1    0.002739    0.091045    0.539822   10.822544 v _2061_/X (sky130_fd_sc_hd__a221o_1)
                                                         _0118_ (net)
                      0.091045    0.000031   10.822576 v _2219_/D (sky130_fd_sc_hd__dfxtp_1)
                                             10.822576   data arrival time

                                 10.000000   10.000000   clock sys_clk (rise edge)
                                  0.000000   10.000000   clock source latency
     1    0.024618    0.182271    0.125207   10.125208 ^ sys_clk (in)
                                                         sys_clk (net)
                      0.182283    0.000000   10.125208 ^ clkbuf_0_sys_clk/A (sky130_fd_sc_hd__clkbuf_16)
    16    0.108836    0.188762    0.376163   10.501370 ^ clkbuf_0_sys_clk/X (sky130_fd_sc_hd__clkbuf_16)
                                                         clknet_0_sys_clk (net)
                      0.188770    0.001542   10.502913 ^ clkbuf_4_15_0_sys_clk/A (sky130_fd_sc_hd__clkbuf_8)
    10    0.034995    0.117756    0.322933   10.825846 ^ clkbuf_4_15_0_sys_clk/X (sky130_fd_sc_hd__clkbuf_8)
                                                         clknet_4_15_0_sys_clk (net)
                      0.117761    0.000934   10.826779 ^ _2219_/CLK (sky130_fd_sc_hd__dfxtp_1)
                                 -0.250000   10.576779   clock uncertainty
                                  0.000000   10.576779   clock reconvergence pessimism
                                 -0.264855   10.311924   library setup time
                                             10.311924   data required time
---------------------------------------------------------------------------------------------
                                             10.311924   data required time
                                            -10.822576   data arrival time
---------------------------------------------------------------------------------------------
                                             -0.510651   slack (VIOLATED)




===========================================================================
report_checks --slack_max -0.01
============================================================================
======================= min_ss_100C_1v60 Corner ===================================

Startpoint: _2184_ (rising edge-triggered flip-flop clocked by sys_clk)
Endpoint: _2219_ (rising edge-triggered flip-flop clocked by sys_clk)
Path Group: sys_clk
Path Type: max

Fanout         Cap        Slew       Delay        Time   Description
---------------------------------------------------------------------------------------------
                                  0.000000    0.000000   clock sys_clk (rise edge)
                                  0.000000    0.000000   clock source latency
     1    0.024618    0.182271    0.125208    0.125208 ^ sys_clk (in)
                                                         sys_clk (net)
                      0.182283    0.000000    0.125208 ^ clkbuf_0_sys_clk/A (sky130_fd_sc_hd__clkbuf_16)
    16    0.108836    0.188762    0.376163    0.501370 ^ clkbuf_0_sys_clk/X (sky130_fd_sc_hd__clkbuf_16)
                                                         clknet_0_sys_clk (net)
                      0.188768    0.001393    0.502763 ^ clkbuf_4_7_0_sys_clk/A (sky130_fd_sc_hd__clkbuf_8)
    11    0.031097    0.109124    0.315625    0.818388 ^ clkbuf_4_7_0_sys_clk/X (sky130_fd_sc_hd__clkbuf_8)
                                                         clknet_4_7_0_sys_clk (net)
                      0.109124    0.000338    0.818727 ^ _2184_/CLK (sky130_fd_sc_hd__dfxtp_2)
     2    0.008403    0.090876    0.689919    1.508646 ^ _2184_/Q (sky130_fd_sc_hd__dfxtp_2)
                                                         lf_inst.error_in[1] (net)
                      0.090876    0.000085    1.508731 ^ rebuffer2/A (sky130_fd_sc_hd__dlymetal6s2s_1)
     1    0.006384    0.134287    0.218471    1.727203 ^ rebuffer2/X (sky130_fd_sc_hd__dlymetal6s2s_1)
                                                         net227 (net)
                      0.134287    0.000178    1.727380 ^ fanout226/A (sky130_fd_sc_hd__clkbuf_1)
     2    0.008529    0.174660    0.252461    1.979842 ^ fanout226/X (sky130_fd_sc_hd__clkbuf_1)
                                                         net226 (net)
                      0.174660    0.000150    1.979992 ^ fanout220/A (sky130_fd_sc_hd__buf_1)
     3    0.013313    0.261209    0.331407    2.311399 ^ fanout220/X (sky130_fd_sc_hd__buf_1)
                                                         net220 (net)
                      0.261209    0.000265    2.311664 ^ fanout219/A (sky130_fd_sc_hd__clkbuf_1)
     2    0.005951    0.128818    0.266380    2.578043 ^ fanout219/X (sky130_fd_sc_hd__clkbuf_1)
                                                         net219 (net)
                      0.128818    0.000030    2.578073 ^ fanout218/A (sky130_fd_sc_hd__clkbuf_2)
     5    0.027360    0.238551    0.340991    2.919064 ^ fanout218/X (sky130_fd_sc_hd__clkbuf_2)
                                                         net218 (net)
                      0.238551    0.000183    2.919247 ^ _1742_/A (sky130_fd_sc_hd__nor2_1)
     1    0.003343    0.073030    0.154385    3.073632 v _1742_/Y (sky130_fd_sc_hd__nor2_1)
                                                         _0211_ (net)
                      0.073030    0.000026    3.073658 v _1744_/A (sky130_fd_sc_hd__nor2_1)
     3    0.015783    0.493545    0.437554    3.511212 ^ _1744_/Y (sky130_fd_sc_hd__nor2_1)
                                                         _0213_ (net)
                      0.493545    0.000139    3.511352 ^ _1760_/A (sky130_fd_sc_hd__nand2_1)
     2    0.006216    0.181889    0.291908    3.803259 v _1760_/Y (sky130_fd_sc_hd__nand2_1)
                                                         _0227_ (net)
                      0.181889    0.000038    3.803297 v _1761_/B (sky130_fd_sc_hd__or4b_1)
     1    0.005060    0.208790    1.254021    5.057318 v _1761_/X (sky130_fd_sc_hd__or4b_1)
                                                         _0228_ (net)
                      0.208790    0.000091    5.057409 v _1762_/B (sky130_fd_sc_hd__or4_4)
     2    0.007562    0.166424    1.084171    6.141581 v _1762_/X (sky130_fd_sc_hd__or4_4)
                                                         _0229_ (net)
                      0.166424    0.000068    6.141648 v _1764_/A1 (sky130_fd_sc_hd__a31o_4)
     5    0.018641    0.094286    0.475395    6.617043 v _1764_/X (sky130_fd_sc_hd__a31o_4)
                                                         _0231_ (net)
                      0.094286    0.000242    6.617285 v _1783_/A2 (sky130_fd_sc_hd__o211a_4)
     2    0.020151    0.103862    0.480522    7.097807 v _1783_/X (sky130_fd_sc_hd__o211a_4)
                                                         _0248_ (net)
                      0.103862    0.000288    7.098095 v _1784_/A (sky130_fd_sc_hd__xnor2_4)
     4    0.018982    0.143734    0.297017    7.395113 v _1784_/Y (sky130_fd_sc_hd__xnor2_4)
                                                         _0249_ (net)
                      0.143734    0.000520    7.395632 v _2027_/B (sky130_fd_sc_hd__xnor2_2)
     2    0.007999    0.133812    0.288720    7.684352 v _2027_/Y (sky130_fd_sc_hd__xnor2_2)
                                                         _0454_ (net)
                      0.133812    0.000060    7.684412 v _2038_/D (sky130_fd_sc_hd__or4_4)
     1    0.003183    0.146298    0.838846    8.523258 v _2038_/X (sky130_fd_sc_hd__or4_4)
                                                         _0463_ (net)
                      0.146298    0.000034    8.523292 v _2039_/B1 (sky130_fd_sc_hd__a211o_1)
     3    0.012604    0.173873    0.628340    9.151631 v _2039_/X (sky130_fd_sc_hd__a211o_1)
                                                         _0464_ (net)
                      0.173873    0.000301    9.151933 v _2057_/A2 (sky130_fd_sc_hd__a211o_1)
     2    0.011245    0.160580    0.666347    9.818280 v _2057_/X (sky130_fd_sc_hd__a211o_1)
                                                         _0480_ (net)
                      0.160580    0.000166    9.818446 v _2059_/A2 (sky130_fd_sc_hd__a31oi_4)
     3    0.008011    0.211844    0.311228   10.129674 ^ _2059_/Y (sky130_fd_sc_hd__a31oi_4)
                                                         _0482_ (net)
                      0.211844    0.000097   10.129771 ^ _2060_/A (sky130_fd_sc_hd__nor2_1)
     1    0.004446    0.075136    0.152880   10.282652 v _2060_/Y (sky130_fd_sc_hd__nor2_1)
                                                         _0483_ (net)
                      0.075136    0.000070   10.282722 v _2061_/B1 (sky130_fd_sc_hd__a221o_1)
     1    0.002739    0.091045    0.539822   10.822544 v _2061_/X (sky130_fd_sc_hd__a221o_1)
                                                         _0118_ (net)
                      0.091045    0.000031   10.822576 v _2219_/D (sky130_fd_sc_hd__dfxtp_1)
                                             10.822576   data arrival time

                                 10.000000   10.000000   clock sys_clk (rise edge)
                                  0.000000   10.000000   clock source latency
     1    0.024618    0.182271    0.125207   10.125208 ^ sys_clk (in)
                                                         sys_clk (net)
                      0.182283    0.000000   10.125208 ^ clkbuf_0_sys_clk/A (sky130_fd_sc_hd__clkbuf_16)
    16    0.108836    0.188762    0.376163   10.501370 ^ clkbuf_0_sys_clk/X (sky130_fd_sc_hd__clkbuf_16)
                                                         clknet_0_sys_clk (net)
                      0.188770    0.001542   10.502913 ^ clkbuf_4_15_0_sys_clk/A (sky130_fd_sc_hd__clkbuf_8)
    10    0.034995    0.117756    0.322933   10.825846 ^ clkbuf_4_15_0_sys_clk/X (sky130_fd_sc_hd__clkbuf_8)
                                                         clknet_4_15_0_sys_clk (net)
                      0.117761    0.000934   10.826779 ^ _2219_/CLK (sky130_fd_sc_hd__dfxtp_1)
                                 -0.250000   10.576779   clock uncertainty
                                  0.000000   10.576779   clock reconvergence pessimism
                                 -0.264855   10.311924   library setup time
                                             10.311924   data required time
---------------------------------------------------------------------------------------------
                                             10.311924   data required time
                                            -10.822576   data arrival time
---------------------------------------------------------------------------------------------
                                             -0.510651   slack (VIOLATED)




===========================================================================
 report_check_types -max_slew -max_cap -max_fanout -violators
============================================================================
======================= min_ss_100C_1v60 Corner ===================================

max fanout

Pin                                   Limit Fanout  Slack
---------------------------------------------------------
clkbuf_0_sys_clk/X                        5     16    -11 (VIOLATED)
clkbuf_4_7_0_sys_clk/X                    5     11     -6 (VIOLATED)
clkbuf_4_10_0_sys_clk/X                   5     10     -5 (VIOLATED)
clkbuf_4_15_0_sys_clk/X                   5     10     -5 (VIOLATED)
clkbuf_4_2_0_sys_clk/X                    5     10     -5 (VIOLATED)
clkbuf_4_4_0_sys_clk/X                    5     10     -5 (VIOLATED)
clkbuf_4_0_0_sys_clk/X                    5      9     -4 (VIOLATED)
clkbuf_4_1_0_sys_clk/X                    5      9     -4 (VIOLATED)
clkbuf_4_5_0_sys_clk/X                    5      9     -4 (VIOLATED)
clkbuf_4_6_0_sys_clk/X                    5      9     -4 (VIOLATED)
clkbuf_4_14_0_sys_clk/X                   5      8     -3 (VIOLATED)
clkbuf_4_3_0_sys_clk/X                    5      8     -3 (VIOLATED)
clkbuf_4_11_0_sys_clk/X                   5      7     -2 (VIOLATED)
clkbuf_4_13_0_sys_clk/X                   5      7     -2 (VIOLATED)
clkbuf_4_9_0_sys_clk/X                    5      7     -2 (VIOLATED)
clkbuf_4_12_0_sys_clk/X                   5      6        (VIOLATED)
clkbuf_4_8_0_sys_clk/X                    5      6        (VIOLATED)
fanout267/X                               5      6        (VIOLATED)



===========================================================================
report_parasitic_annotation -report_unannotated
============================================================================
Found 15 unannotated drivers.
 clkload0/Y
 clkload1/Y
 clkload10/Y
 clkload11/Y
 clkload12/Y
 clkload13/Y
 clkload14/X
 clkload2/X
 clkload3/Y
 clkload4/X
 clkload5/Y
 clkload6/Y
 clkload7/Y
 clkload8/Y
 clkload9/X
Found 0 partially unannotated drivers.

===========================================================================
max slew violation count 0
max fanout violation count 18
max cap violation count 0
============================================================================

===========================================================================
check_setup -verbose -unconstrained_endpoints -multiple_clock -no_clock -no_input_delay -loops -generated_clocks
===========================================================================
Warning: There are 33 unclocked register/latch pins.
  _2133_/CLK
  _2221_/CLK
  _2222_/CLK
  _2223_/CLK
  _2224_/CLK
  _2225_/CLK
  _2226_/CLK
  _2227_/CLK
  _2228_/CLK
  _2229_/CLK
  _2230_/CLK
  _2231_/CLK
  _2232_/CLK
  _2233_/CLK
  _2234_/CLK
  _2235_/CLK
  _2236_/CLK
  _2237_/CLK
  _2238_/CLK
  _2239_/CLK
  _2240_/CLK
  _2241_/CLK
  _2242_/CLK
  _2243_/CLK
  _2244_/CLK
  _2245_/CLK
  _2246_/CLK
  _2247_/CLK
  _2248_/CLK
  _2249_/CLK
  _2250_/CLK
  _2251_/CLK
  _2252_/CLK
Warning: There are 33 unconstrained endpoints.
  _2133_/D
  _2221_/D
  _2222_/D
  _2223_/D
  _2224_/D
  _2225_/D
  _2226_/D
  _2227_/D
  _2228_/D
  _2229_/D
  _2230_/D
  _2231_/D
  _2232_/D
  _2233_/D
  _2234_/D
  _2235_/D
  _2236_/D
  _2237_/D
  _2238_/D
  _2239_/D
  _2240_/D
  _2241_/D
  _2242_/D
  _2243_/D
  _2244_/D
  _2245_/D
  _2246_/D
  _2247_/D
  _2248_/D
  _2249_/D
  _2250_/D
  _2251_/D
  _2252_/D
