
===========================================================================
 report_power
============================================================================
======================= nom_tt_025C_5v00 Corner ===================================

Group                    Internal    Switching      Leakage        Total
                            Power        Power        Power        Power (Watts)
------------------------------------------------------------------------
Sequential           3.458436e-03 3.659886e-04 6.105127e-08 3.824486e-03  35.5%
Combinational        2.211367e-03 2.242085e-03 1.879645e-07 4.453640e-03  41.3%
Clock                1.534486e-03 9.697226e-04 3.688270e-08 2.504246e-03  23.2%
Macro                0.000000e+00 0.000000e+00 0.000000e+00 0.000000e+00   0.0%
Pad                  0.000000e+00 0.000000e+00 0.000000e+00 0.000000e+00   0.0%
------------------------------------------------------------------------
Total                7.204295e-03 3.577798e-03 2.858960e-07 1.078238e-02 100.0%
                            66.8%        33.2%         0.0%
Writing metric power__internal__total: 0.007204295136034489
Writing metric power__switching__total: 0.003577797906473279
Writing metric power__leakage__total: 2.8589596468009404e-7
Writing metric power__total: 0.010782378725707531

