
===========================================================================
report_checks -unconstrained
===========================================================================
======================= max_ff_n40C_1v95 Corner ===================================

Startpoint: rst_n (input port clocked by sys_clk)
Endpoint: _2200_ (rising edge-triggered flip-flop clocked by sys_clk)
Path Group: sys_clk
Path Type: max

Fanout         Cap        Slew       Delay        Time   Description
---------------------------------------------------------------------------------------------
                                  0.000000    0.000000   clock sys_clk (rise edge)
                                  0.000000    0.000000   clock network delay (propagated)
                                  2.000000    2.000000 ^ input external delay
     1    0.003025    0.014724    0.007874    2.007874 ^ rst_n (in)
                                                         rst_n (net)
                      0.014725    0.000000    2.007874 ^ input66/A (sky130_fd_sc_hd__clkbuf_1)
     1    0.004275    0.044309    0.056592    2.064466 ^ input66/X (sky130_fd_sc_hd__clkbuf_1)
                                                         net66 (net)
                      0.044329    0.000275    2.064741 ^ fanout301/A (sky130_fd_sc_hd__buf_1)
     2    0.018512    0.165332    0.145975    2.210716 ^ fanout301/X (sky130_fd_sc_hd__buf_1)
                                                         net301 (net)
                      0.165358    0.001715    2.212430 ^ fanout293/A (sky130_fd_sc_hd__dlymetal6s2s_1)
     3    0.028183    0.222648    0.208871    2.421302 ^ fanout293/X (sky130_fd_sc_hd__dlymetal6s2s_1)
                                                         net293 (net)
                      0.222709    0.003004    2.424306 ^ fanout292/A (sky130_fd_sc_hd__clkbuf_1)
     3    0.016872    0.151182    0.142078    2.566384 ^ fanout292/X (sky130_fd_sc_hd__clkbuf_1)
                                                         net292 (net)
                      0.151202    0.001444    2.567828 ^ fanout286/A (sky130_fd_sc_hd__clkbuf_2)
     5    0.031975    0.136377    0.162481    2.730309 ^ fanout286/X (sky130_fd_sc_hd__clkbuf_2)
                                                         net286 (net)
                      0.136528    0.003704    2.734014 ^ _1052_/A (sky130_fd_sc_hd__inv_2)
     1    0.005932    0.032707    0.022127    2.756141 v _1052_/Y (sky130_fd_sc_hd__inv_2)
                                                         _0490_ (net)
                      0.032717    0.000440    2.756581 v fanout279/A (sky130_fd_sc_hd__buf_1)
     2    0.013314    0.056551    0.089113    2.845693 v fanout279/X (sky130_fd_sc_hd__buf_1)
                                                         net279 (net)
                      0.056574    0.001073    2.846766 v fanout278/A (sky130_fd_sc_hd__buf_1)
     2    0.017044    0.070479    0.109303    2.956069 v fanout278/X (sky130_fd_sc_hd__buf_1)
                                                         net278 (net)
                      0.070511    0.001385    2.957454 v fanout268/A (sky130_fd_sc_hd__buf_1)
     2    0.016909    0.070199    0.113719    3.071173 v fanout268/X (sky130_fd_sc_hd__buf_1)
                                                         net268 (net)
                      0.070207    0.000767    3.071941 v fanout265/A (sky130_fd_sc_hd__dlymetal6s2s_1)
     4    0.025907    0.094265    0.159581    3.231522 v fanout265/X (sky130_fd_sc_hd__dlymetal6s2s_1)
                                                         net265 (net)
                      0.094283    0.001300    3.232822 v _1638_/A (sky130_fd_sc_hd__nor2_1)
     1    0.006317    0.095412    0.116747    3.349569 ^ _1638_/Y (sky130_fd_sc_hd__nor2_1)
                                                         _1017_ (net)
                      0.095454    0.000656    3.350225 ^ fanout190/A (sky130_fd_sc_hd__buf_1)
     2    0.014586    0.131801    0.128112    3.478337 ^ fanout190/X (sky130_fd_sc_hd__buf_1)
                                                         net190 (net)
                      0.131806    0.000697    3.479034 ^ fanout177/A (sky130_fd_sc_hd__dlymetal6s2s_1)
     3    0.024459    0.196365    0.189331    3.668365 ^ fanout177/X (sky130_fd_sc_hd__dlymetal6s2s_1)
                                                         net177 (net)
                      0.196370    0.000805    3.669170 ^ fanout176/A (sky130_fd_sc_hd__buf_1)
     3    0.019669    0.174957    0.158269    3.827440 ^ fanout176/X (sky130_fd_sc_hd__buf_1)
                                                         net176 (net)
                      0.174968    0.001192    3.828632 ^ fanout175/A (sky130_fd_sc_hd__clkbuf_1)
     2    0.008128    0.077294    0.091529    3.920162 ^ fanout175/X (sky130_fd_sc_hd__clkbuf_1)
                                                         net175 (net)
                      0.077299    0.000480    3.920641 ^ fanout174/A (sky130_fd_sc_hd__dlymetal6s2s_1)
     5    0.020320    0.167220    0.161138    4.081779 ^ fanout174/X (sky130_fd_sc_hd__dlymetal6s2s_1)
                                                         net174 (net)
                      0.167250    0.001814    4.083593 ^ _1920_/A2 (sky130_fd_sc_hd__a21o_1)
     1    0.003211    0.030764    0.084722    4.168315 ^ _1920_/X (sky130_fd_sc_hd__a21o_1)
                                                         _0362_ (net)
                      0.030765    0.000228    4.168542 ^ _1921_/B1 (sky130_fd_sc_hd__a31o_1)
     1    0.002605    0.030532    0.049748    4.218290 ^ _1921_/X (sky130_fd_sc_hd__a31o_1)
                                                         _0099_ (net)
                      0.030533    0.000106    4.218396 ^ _2200_/D (sky130_fd_sc_hd__dfxtp_1)
                                              4.218396   data arrival time

                                 10.000000   10.000000   clock sys_clk (rise edge)
                                  0.000000   10.000000   clock source latency
     1    0.026962    0.094505    0.066238   10.066237 ^ sys_clk (in)
                                                         sys_clk (net)
                      0.094633    0.000000   10.066237 ^ clkbuf_0_sys_clk/A (sky130_fd_sc_hd__clkbuf_16)
    16    0.119577    0.103945    0.154905   10.221143 ^ clkbuf_0_sys_clk/X (sky130_fd_sc_hd__clkbuf_16)
                                                         clknet_0_sys_clk (net)
                      0.104465    0.005949   10.227092 ^ clkbuf_4_4_0_sys_clk/A (sky130_fd_sc_hd__clkbuf_8)
    10    0.035440    0.056312    0.121649   10.348741 ^ clkbuf_4_4_0_sys_clk/X (sky130_fd_sc_hd__clkbuf_8)
                                                         clknet_4_4_0_sys_clk (net)
                      0.056451    0.001832   10.350574 ^ _2200_/CLK (sky130_fd_sc_hd__dfxtp_1)
                                 -0.250000   10.100574   clock uncertainty
                                  0.000000   10.100574   clock reconvergence pessimism
                                 -0.028138   10.072435   library setup time
                                             10.072435   data required time
---------------------------------------------------------------------------------------------
                                             10.072435   data required time
                                             -4.218396   data arrival time
---------------------------------------------------------------------------------------------
                                              5.854039   slack (MET)




===========================================================================
report_checks --slack_max -0.01
============================================================================
======================= max_ff_n40C_1v95 Corner ===================================

No paths found.


===========================================================================
 report_check_types -max_slew -max_cap -max_fanout -violators
============================================================================
======================= max_ff_n40C_1v95 Corner ===================================

max fanout

Pin                                   Limit Fanout  Slack
---------------------------------------------------------
clkbuf_0_sys_clk/X                        5     16    -11 (VIOLATED)
clkbuf_4_7_0_sys_clk/X                    5     11     -6 (VIOLATED)
clkbuf_4_10_0_sys_clk/X                   5     10     -5 (VIOLATED)
clkbuf_4_15_0_sys_clk/X                   5     10     -5 (VIOLATED)
clkbuf_4_2_0_sys_clk/X                    5     10     -5 (VIOLATED)
clkbuf_4_4_0_sys_clk/X                    5     10     -5 (VIOLATED)
clkbuf_4_0_0_sys_clk/X                    5      9     -4 (VIOLATED)
clkbuf_4_1_0_sys_clk/X                    5      9     -4 (VIOLATED)
clkbuf_4_5_0_sys_clk/X                    5      9     -4 (VIOLATED)
clkbuf_4_6_0_sys_clk/X                    5      9     -4 (VIOLATED)
clkbuf_4_14_0_sys_clk/X                   5      8     -3 (VIOLATED)
clkbuf_4_3_0_sys_clk/X                    5      8     -3 (VIOLATED)
clkbuf_4_11_0_sys_clk/X                   5      7     -2 (VIOLATED)
clkbuf_4_13_0_sys_clk/X                   5      7     -2 (VIOLATED)
clkbuf_4_9_0_sys_clk/X                    5      7     -2 (VIOLATED)
clkbuf_4_12_0_sys_clk/X                   5      6        (VIOLATED)
clkbuf_4_8_0_sys_clk/X                    5      6        (VIOLATED)
fanout267/X                               5      6        (VIOLATED)



===========================================================================
report_parasitic_annotation -report_unannotated
============================================================================
Found 15 unannotated drivers.
 clkload0/Y
 clkload1/Y
 clkload10/Y
 clkload11/Y
 clkload12/Y
 clkload13/Y
 clkload14/X
 clkload2/X
 clkload3/Y
 clkload4/X
 clkload5/Y
 clkload6/Y
 clkload7/Y
 clkload8/Y
 clkload9/X
Found 0 partially unannotated drivers.

===========================================================================
max slew violation count 0
max fanout violation count 18
max cap violation count 0
============================================================================

===========================================================================
check_setup -verbose -unconstrained_endpoints -multiple_clock -no_clock -no_input_delay -loops -generated_clocks
===========================================================================
Warning: There are 33 unclocked register/latch pins.
  _2133_/CLK
  _2221_/CLK
  _2222_/CLK
  _2223_/CLK
  _2224_/CLK
  _2225_/CLK
  _2226_/CLK
  _2227_/CLK
  _2228_/CLK
  _2229_/CLK
  _2230_/CLK
  _2231_/CLK
  _2232_/CLK
  _2233_/CLK
  _2234_/CLK
  _2235_/CLK
  _2236_/CLK
  _2237_/CLK
  _2238_/CLK
  _2239_/CLK
  _2240_/CLK
  _2241_/CLK
  _2242_/CLK
  _2243_/CLK
  _2244_/CLK
  _2245_/CLK
  _2246_/CLK
  _2247_/CLK
  _2248_/CLK
  _2249_/CLK
  _2250_/CLK
  _2251_/CLK
  _2252_/CLK
Warning: There are 33 unconstrained endpoints.
  _2133_/D
  _2221_/D
  _2222_/D
  _2223_/D
  _2224_/D
  _2225_/D
  _2226_/D
  _2227_/D
  _2228_/D
  _2229_/D
  _2230_/D
  _2231_/D
  _2232_/D
  _2233_/D
  _2234_/D
  _2235_/D
  _2236_/D
  _2237_/D
  _2238_/D
  _2239_/D
  _2240_/D
  _2241_/D
  _2242_/D
  _2243_/D
  _2244_/D
  _2245_/D
  _2246_/D
  _2247_/D
  _2248_/D
  _2249_/D
  _2250_/D
  _2251_/D
  _2252_/D
