
===========================================================================
 report_power
============================================================================
======================= max_ff_n40C_1v95 Corner ===================================

Group                    Internal    Switching      Leakage        Total
                            Power        Power        Power        Power (Watts)
------------------------------------------------------------------------
Sequential           6.929762e-04 6.301674e-05 2.235928e-09 7.559951e-04  37.3%
Combinational        3.277712e-04 3.971055e-04 8.343321e-09 7.248850e-04  35.8%
Clock                2.932051e-04 2.514372e-04 4.230419e-09 5.446466e-04  26.9%
Macro                0.000000e+00 0.000000e+00 0.000000e+00 0.000000e+00   0.0%
Pad                  0.000000e+00 0.000000e+00 0.000000e+00 0.000000e+00   0.0%
------------------------------------------------------------------------
Total                1.313952e-03 7.115596e-04 1.480958e-08 2.025526e-03 100.0%
                            64.9%        35.1%         0.0%

