┏━━━━━━━━━━━━━━━━━━━━━━┳━━━━━━━━━━┳━━━━━━━━━━┳━━━━━━━━━━┳━━━━━━━━━━┳━━━━━━━━━━━┳━━━━━━━━━━┳━━━━━━━━━━━┳━━━━━━━━━━┳━━━━━━━━━━━┳━━━━━━━━━━┳━━━━━━━━━━━┳━━━━━━━━━━┓
┃                      ┃ Hold     ┃ Reg to   ┃          ┃          ┃ of which  ┃ Setup    ┃           ┃          ┃           ┃ of which ┃           ┃          ┃
┃                      ┃ Worst    ┃ Reg      ┃          ┃ Hold Vio ┃ reg to    ┃ Worst    ┃ Reg to    ┃ Setup    ┃ Setup Vio ┃ reg to   ┃ Max Cap   ┃ Max Slew ┃
┃ Corner/Group         ┃ Slack    ┃ Paths    ┃ Hold TNS ┃ Count    ┃ reg       ┃ Slack    ┃ Reg Paths ┃ TNS      ┃ Count     ┃ reg      ┃ Violatio… ┃ Violati… ┃
┡━━━━━━━━━━━━━━━━━━━━━━╇━━━━━━━━━━╇━━━━━━━━━━╇━━━━━━━━━━╇━━━━━━━━━━╇━━━━━━━━━━━╇━━━━━━━━━━╇━━━━━━━━━━━╇━━━━━━━━━━╇━━━━━━━━━━━╇━━━━━━━━━━╇━━━━━━━━━━━╇━━━━━━━━━━┩
│ Overall              │ 0.1165   │ 0.1165   │ 0.0000   │ 0        │ 0         │ -0.3988  │ -0.3988   │ -0.7256  │ 7         │ 7        │ 0         │ 3        │
│ nom_tt_025C_1v80     │ 0.3256   │ 0.3256   │ 0.0000   │ 0        │ 0         │ 4.7001   │ 4.7001    │ 0.0000   │ 0         │ 0        │ 0         │ 0        │
│ nom_ss_100C_1v60     │ 0.8677   │ 0.8677   │ 0.0000   │ 0        │ 0         │ -0.3162  │ -0.3162   │ -0.5361  │ 2         │ 2        │ 0         │ 3        │
│ nom_ff_n40C_1v95     │ 0.1199   │ 0.1199   │ 0.0000   │ 0        │ 0         │ 6.4448   │ 7.0987    │ 0.0000   │ 0         │ 0        │ 0         │ 0        │
│ min_tt_025C_1v80     │ 0.3206   │ 0.3206   │ 0.0000   │ 0        │ 0         │ 4.7448   │ 4.7447    │ 0.0000   │ 0         │ 0        │ 0         │ 0        │
│ min_ss_100C_1v60     │ 0.8580   │ 0.8580   │ 0.0000   │ 0        │ 0         │ -0.2266  │ -0.2266   │ -0.3578  │ 2         │ 2        │ 0         │ 3        │
│ min_ff_n40C_1v95     │ 0.1165   │ 0.1165   │ 0.0000   │ 0        │ 0         │ 6.4984   │ 7.1427    │ 0.0000   │ 0         │ 0        │ 0         │ 0        │
│ max_tt_025C_1v80     │ 0.3296   │ 0.3296   │ 0.0000   │ 0        │ 0         │ 4.6448   │ 4.6448    │ 0.0000   │ 0         │ 0        │ 0         │ 0        │
│ max_ss_100C_1v60     │ 0.8760   │ 0.8760   │ 0.0000   │ 0        │ 0         │ -0.3988  │ -0.3988   │ -0.7256  │ 3         │ 3        │ 0         │ 3        │
│ max_ff_n40C_1v95     │ 0.1227   │ 0.1227   │ 0.0000   │ 0        │ 0         │ 6.3878   │ 7.0594    │ 0.0000   │ 0         │ 0        │ 0         │ 0        │
└──────────────────────┴──────────┴──────────┴──────────┴──────────┴───────────┴──────────┴───────────┴──────────┴───────────┴──────────┴───────────┴──────────┘
