
===========================================================================
 report_power
============================================================================
======================= nom_tt_025C_1v80 Corner ===================================

Group                    Internal    Switching      Leakage        Total
                            Power        Power        Power        Power (Watts)
------------------------------------------------------------------------
Sequential           5.984516e-04 4.781145e-05 1.278921e-09 6.462643e-04  39.2%
Combinational        2.778880e-04 2.690842e-04 4.399921e-09 5.469766e-04  33.2%
Clock                2.863353e-04 1.696493e-04 6.188765e-10 4.559852e-04  27.6%
Macro                0.000000e+00 0.000000e+00 0.000000e+00 0.000000e+00   0.0%
Pad                  0.000000e+00 0.000000e+00 0.000000e+00 0.000000e+00   0.0%
------------------------------------------------------------------------
Total                1.162675e-03 4.865450e-04 6.297709e-09 1.649226e-03 100.0%
                            70.5%        29.5%         0.0%
Writing metric power__internal__total: 0.0011626745108515024
Writing metric power__switching__total: 0.0004865450318902731
Writing metric power__leakage__total: 6.297708576852301e-9
Writing metric power__total: 0.0016492258291691542

