
===========================================================================
 report_power
============================================================================
======================= min_ff_n40C_1v95 Corner ===================================

Group                    Internal    Switching      Leakage        Total
                            Power        Power        Power        Power (Watts)
------------------------------------------------------------------------
Sequential           6.931708e-04 5.934681e-05 2.235928e-09 7.525198e-04  38.0%
Combinational        3.271487e-04 3.753832e-04 8.343321e-09 7.025403e-04  35.4%
Clock                2.932406e-04 2.335951e-04 4.230419e-09 5.268399e-04  26.6%
Macro                0.000000e+00 0.000000e+00 0.000000e+00 0.000000e+00   0.0%
Pad                  0.000000e+00 0.000000e+00 0.000000e+00 0.000000e+00   0.0%
------------------------------------------------------------------------
Total                1.313561e-03 6.683259e-04 1.480958e-08 1.981901e-03 100.0%
                            66.3%        33.7%         0.0%

