
===========================================================================
 report_power
============================================================================
======================= nom_tt_025C_1v80 Corner ===================================

Group                    Internal    Switching      Leakage        Total
                            Power        Power        Power        Power (Watts)
------------------------------------------------------------------------
Sequential           5.981305e-04 5.766717e-05 1.278921e-09 6.557989e-04  37.8%
Combinational        2.784485e-04 3.110536e-04 4.399909e-09 5.895065e-04  34.0%
Clock                2.864556e-04 2.021874e-04 3.010052e-09 4.886461e-04  28.2%
Macro                0.000000e+00 0.000000e+00 0.000000e+00 0.000000e+00   0.0%
Pad                  0.000000e+00 0.000000e+00 0.000000e+00 0.000000e+00   0.0%
------------------------------------------------------------------------
Total                1.163036e-03 5.709082e-04 8.688906e-09 1.733953e-03 100.0%
                            67.1%        32.9%         0.0%

