
===========================================================================
report_checks -unconstrained
===========================================================================
======================= nom_tt_025C_1v80 Corner ===================================

Startpoint: rst_n (input port clocked by sys_clk)
Endpoint: _2141_ (recovery check against rising-edge clock sys_clk)
Path Group: asynchronous
Path Type: max

Fanout         Cap        Slew       Delay        Time   Description
---------------------------------------------------------------------------------------------
                                  0.000000    0.000000   clock sys_clk (rise edge)
                                  0.000000    0.000000   clock network delay (propagated)
                                  2.000000    2.000000 ^ input external delay
     1    0.002649    0.019766    0.009765    2.009765 ^ rst_n (in)
                                                         rst_n (net)
                      0.019766    0.000000    2.009765 ^ input66/A (sky130_fd_sc_hd__clkbuf_1)
     1    0.004636    0.064308    0.086545    2.096310 ^ input66/X (sky130_fd_sc_hd__clkbuf_1)
                                                         net66 (net)
                      0.064308    0.000037    2.096347 ^ fanout261/A (sky130_fd_sc_hd__buf_1)
     2    0.012745    0.156177    0.165683    2.262030 ^ fanout261/X (sky130_fd_sc_hd__buf_1)
                                                         net261 (net)
                      0.156178    0.000310    2.262341 ^ fanout260/A (sky130_fd_sc_hd__buf_1)
     3    0.013803    0.168371    0.194536    2.456877 ^ fanout260/X (sky130_fd_sc_hd__buf_1)
                                                         net260 (net)
                      0.168371    0.000133    2.457010 ^ fanout257/A (sky130_fd_sc_hd__buf_1)
     2    0.011604    0.143298    0.178763    2.635772 ^ fanout257/X (sky130_fd_sc_hd__buf_1)
                                                         net257 (net)
                      0.143298    0.000012    2.635785 ^ fanout256/A (sky130_fd_sc_hd__buf_1)
     3    0.010942    0.135724    0.169919    2.805704 ^ fanout256/X (sky130_fd_sc_hd__buf_1)
                                                         net256 (net)
                      0.135724    0.000102    2.805806 ^ fanout253/A (sky130_fd_sc_hd__buf_1)
     3    0.013100    0.163566    0.186064    2.991871 ^ fanout253/X (sky130_fd_sc_hd__buf_1)
                                                         net253 (net)
                      0.163566    0.000065    2.991936 ^ _2141_/RESET_B (sky130_fd_sc_hd__dfrtp_1)
                                              2.991936   data arrival time

                                 10.000000   10.000000   clock sys_clk (rise edge)
                                  0.000000   10.000000   clock source latency
     1    0.018711    0.089978    0.061875   10.061875 ^ sys_clk (in)
                                                         sys_clk (net)
                      0.089989    0.000000   10.061875 ^ clkbuf_0_sys_clk/A (sky130_fd_sc_hd__clkbuf_16)
    16    0.090340    0.106618    0.195723   10.257598 ^ clkbuf_0_sys_clk/X (sky130_fd_sc_hd__clkbuf_16)
                                                         clknet_0_sys_clk (net)
                      0.106622    0.000750   10.258348 ^ clkbuf_4_8_0_sys_clk/A (sky130_fd_sc_hd__clkbuf_8)
    10    0.031191    0.068201    0.168908   10.427255 ^ clkbuf_4_8_0_sys_clk/X (sky130_fd_sc_hd__clkbuf_8)
                                                         clknet_4_8_0_sys_clk (net)
                      0.068201    0.000052   10.427307 ^ _2141_/CLK (sky130_fd_sc_hd__dfrtp_1)
                                 -0.250000   10.177307   clock uncertainty
                                  0.000000   10.177307   clock reconvergence pessimism
                                  0.206861   10.384169   library recovery time
                                             10.384169   data required time
---------------------------------------------------------------------------------------------
                                             10.384169   data required time
                                             -2.991936   data arrival time
---------------------------------------------------------------------------------------------
                                              7.392233   slack (MET)


Startpoint: _2146_ (rising edge-triggered flip-flop clocked by sys_clk)
Endpoint: _2181_ (rising edge-triggered flip-flop clocked by sys_clk)
Path Group: sys_clk
Path Type: max

Fanout         Cap        Slew       Delay        Time   Description
---------------------------------------------------------------------------------------------
                                  0.000000    0.000000   clock sys_clk (rise edge)
                                  0.000000    0.000000   clock source latency
     1    0.018711    0.089978    0.061875    0.061875 ^ sys_clk (in)
                                                         sys_clk (net)
                      0.089989    0.000000    0.061875 ^ clkbuf_0_sys_clk/A (sky130_fd_sc_hd__clkbuf_16)
    16    0.090340    0.106618    0.195723    0.257598 ^ clkbuf_0_sys_clk/X (sky130_fd_sc_hd__clkbuf_16)
                                                         clknet_0_sys_clk (net)
                      0.106621    0.000707    0.258305 ^ clkbuf_4_9_0_sys_clk/A (sky130_fd_sc_hd__clkbuf_8)
     7    0.029782    0.066025    0.167196    0.425501 ^ clkbuf_4_9_0_sys_clk/X (sky130_fd_sc_hd__clkbuf_8)
                                                         clknet_4_9_0_sys_clk (net)
                      0.066025    0.000064    0.425566 ^ _2146_/CLK (sky130_fd_sc_hd__dfxtp_2)
     3    0.011876    0.042253    0.334364    0.759929 v _2146_/Q (sky130_fd_sc_hd__dfxtp_2)
                                                         lf_inst.error_in[1] (net)
                      0.042253    0.000083    0.760013 v fanout187/A (sky130_fd_sc_hd__buf_6)
     3    0.010393    0.025644    0.114312    0.874324 v fanout187/X (sky130_fd_sc_hd__buf_6)
                                                         net187 (net)
                      0.025644    0.000049    0.874373 v fanout185/A (sky130_fd_sc_hd__buf_6)
     5    0.011104    0.026171    0.107853    0.982226 v fanout185/X (sky130_fd_sc_hd__buf_6)
                                                         net185 (net)
                      0.026171    0.000040    0.982265 v _1819_/C_N (sky130_fd_sc_hd__nor3b_2)
     1    0.003160    0.051497    0.140464    1.122729 v _1819_/Y (sky130_fd_sc_hd__nor3b_2)
                                                         _0271_ (net)
                      0.051497    0.000015    1.122744 v fanout140/A (sky130_fd_sc_hd__clkbuf_2)
     2    0.006976    0.037229    0.114168    1.236911 v fanout140/X (sky130_fd_sc_hd__clkbuf_2)
                                                         net140 (net)
                      0.037229    0.000016    1.236927 v fanout138/A (sky130_fd_sc_hd__buf_6)
     5    0.020048    0.033428    0.122759    1.359686 v fanout138/X (sky130_fd_sc_hd__buf_6)
                                                         net138 (net)
                      0.033439    0.000295    1.359981 v fanout137/A (sky130_fd_sc_hd__buf_8)
     5    0.021326    0.031370    0.119616    1.479596 v fanout137/X (sky130_fd_sc_hd__buf_8)
                                                         net137 (net)
                      0.031370    0.000079    1.479676 v fanout136/A (sky130_fd_sc_hd__buf_8)
     5    0.025703    0.034065    0.121879    1.601555 v fanout136/X (sky130_fd_sc_hd__buf_8)
                                                         net136 (net)
                      0.034065    0.000152    1.601707 v _1844_/B (sky130_fd_sc_hd__xnor2_4)
     4    0.009580    0.071901    0.121482    1.723189 v _1844_/Y (sky130_fd_sc_hd__xnor2_4)
                                                         _0293_ (net)
                      0.071901    0.000005    1.723193 v _1859_/A (sky130_fd_sc_hd__or3b_4)
     1    0.002907    0.062319    0.388960    2.112153 v _1859_/X (sky130_fd_sc_hd__or3b_4)
                                                         _0305_ (net)
                      0.062319    0.000008    2.112161 v _1860_/C (sky130_fd_sc_hd__or4_4)
     2    0.012280    0.098139    0.507025    2.619186 v _1860_/X (sky130_fd_sc_hd__or4_4)
                                                         _0306_ (net)
                      0.098139    0.000095    2.619281 v _1865_/A2 (sky130_fd_sc_hd__a21oi_4)
     4    0.011915    0.135332    0.189527    2.808808 ^ _1865_/Y (sky130_fd_sc_hd__a21oi_4)
                                                         _0311_ (net)
                      0.135332    0.000088    2.808897 ^ _1915_/B (sky130_fd_sc_hd__and4b_1)
     1    0.005738    0.085210    0.220904    3.029800 ^ _1915_/X (sky130_fd_sc_hd__and4b_1)
                                                         _0353_ (net)
                      0.085210    0.000026    3.029827 ^ _1917_/C1 (sky130_fd_sc_hd__a211oi_2)
     2    0.005823    0.075559    0.047103    3.076930 v _1917_/Y (sky130_fd_sc_hd__a211oi_2)
                                                         _0355_ (net)
                      0.075559    0.000060    3.076990 v _1932_/A1 (sky130_fd_sc_hd__a2111o_1)
     3    0.009068    0.090919    0.408848    3.485838 v _1932_/X (sky130_fd_sc_hd__a2111o_1)
                                                         _0368_ (net)
                      0.090919    0.000083    3.485921 v _1948_/B (sky130_fd_sc_hd__or4b_4)
     3    0.007952    0.090648    0.536186    4.022107 v _1948_/X (sky130_fd_sc_hd__or4b_4)
                                                         _0382_ (net)
                      0.090648    0.000036    4.022143 v _1973_/A1 (sky130_fd_sc_hd__a2111o_1)
     3    0.009160    0.091185    0.415246    4.437389 v _1973_/X (sky130_fd_sc_hd__a2111o_1)
                                                         _0403_ (net)
                      0.091185    0.000140    4.437530 v _1980_/A2 (sky130_fd_sc_hd__a21o_1)
     1    0.002503    0.032762    0.187138    4.624668 v _1980_/X (sky130_fd_sc_hd__a21o_1)
                                                         _0410_ (net)
                      0.032762    0.000005    4.624672 v _2001_/A3 (sky130_fd_sc_hd__o31a_1)
     3    0.010547    0.080633    0.270992    4.895665 v _2001_/X (sky130_fd_sc_hd__o31a_1)
                                                         _0427_ (net)
                      0.080633    0.000099    4.895764 v _2018_/A2 (sky130_fd_sc_hd__o311a_4)
     2    0.010963    0.060719    0.375264    5.271028 v _2018_/X (sky130_fd_sc_hd__o311a_4)
                                                         _0442_ (net)
                      0.060719    0.000030    5.271058 v _2020_/B (sky130_fd_sc_hd__nor2_4)
     3    0.006241    0.073844    0.084581    5.355639 ^ _2020_/Y (sky130_fd_sc_hd__nor2_4)
                                                         _0444_ (net)
                      0.073844    0.000006    5.355645 ^ _2021_/A_N (sky130_fd_sc_hd__and3b_1)
     1    0.002572    0.036945    0.172694    5.528339 v _2021_/X (sky130_fd_sc_hd__and3b_1)
                                                         _0445_ (net)
                      0.036945    0.000007    5.528346 v _2022_/C1 (sky130_fd_sc_hd__a211o_1)
     1    0.001899    0.043118    0.210406    5.738752 v _2022_/X (sky130_fd_sc_hd__a211o_1)
                                                         _0112_ (net)
                      0.043118    0.000003    5.738755 v _2181_/D (sky130_fd_sc_hd__dfxtp_1)
                                              5.738755   data arrival time

                                 10.000000   10.000000   clock sys_clk (rise edge)
                                  0.000000   10.000000   clock source latency
     1    0.018711    0.089978    0.061875   10.061875 ^ sys_clk (in)
                                                         sys_clk (net)
                      0.089989    0.000000   10.061875 ^ clkbuf_0_sys_clk/A (sky130_fd_sc_hd__clkbuf_16)
    16    0.090340    0.106618    0.195723   10.257598 ^ clkbuf_0_sys_clk/X (sky130_fd_sc_hd__clkbuf_16)
                                                         clknet_0_sys_clk (net)
                      0.106623    0.000830   10.258428 ^ clkbuf_4_10_0_sys_clk/A (sky130_fd_sc_hd__clkbuf_8)
     7    0.031174    0.068176    0.168888   10.427316 ^ clkbuf_4_10_0_sys_clk/X (sky130_fd_sc_hd__clkbuf_8)
                                                         clknet_4_10_0_sys_clk (net)
                      0.068176    0.000149   10.427464 ^ _2181_/CLK (sky130_fd_sc_hd__dfxtp_1)
                                 -0.250000   10.177464   clock uncertainty
                                  0.000000   10.177464   clock reconvergence pessimism
                                 -0.104291   10.073174   library setup time
                                             10.073174   data required time
---------------------------------------------------------------------------------------------
                                             10.073174   data required time
                                             -5.738755   data arrival time
---------------------------------------------------------------------------------------------
                                              4.334419   slack (MET)




===========================================================================
report_checks --slack_max -0.01
============================================================================
======================= nom_tt_025C_1v80 Corner ===================================

No paths found.


===========================================================================
 report_check_types -max_slew -max_cap -max_fanout -violators
============================================================================
======================= nom_tt_025C_1v80 Corner ===================================

max fanout

Pin                                   Limit Fanout  Slack
---------------------------------------------------------
clkbuf_0_sys_clk/X                        5     16    -11 (VIOLATED)
clkbuf_4_0_0_sys_clk/X                    5     13     -8 (VIOLATED)
clkbuf_4_15_0_sys_clk/X                   5     10     -5 (VIOLATED)
clkbuf_4_1_0_sys_clk/X                    5     10     -5 (VIOLATED)
clkbuf_4_4_0_sys_clk/X                    5     10     -5 (VIOLATED)
clkbuf_4_8_0_sys_clk/X                    5     10     -5 (VIOLATED)
clkbuf_4_11_0_sys_clk/X                   5      9     -4 (VIOLATED)
clkbuf_4_2_0_sys_clk/X                    5      9     -4 (VIOLATED)
clkbuf_4_5_0_sys_clk/X                    5      9     -4 (VIOLATED)
clkbuf_4_13_0_sys_clk/X                   5      8     -3 (VIOLATED)
clkbuf_4_14_0_sys_clk/X                   5      8     -3 (VIOLATED)
clkbuf_4_7_0_sys_clk/X                    5      8     -3 (VIOLATED)
clkbuf_4_10_0_sys_clk/X                   5      7     -2 (VIOLATED)
clkbuf_4_9_0_sys_clk/X                    5      7     -2 (VIOLATED)
clkbuf_4_12_0_sys_clk/X                   5      6        (VIOLATED)
clkbuf_4_3_0_sys_clk/X                    5      6        (VIOLATED)
clkbuf_4_6_0_sys_clk/X                    5      6        (VIOLATED)



===========================================================================
report_parasitic_annotation -report_unannotated
============================================================================
Found 15 unannotated drivers.
 clkload0/Y
 clkload1/Y
 clkload10/Y
 clkload11/Y
 clkload12/Y
 clkload13/Y
 clkload14/Y
 clkload2/Y
 clkload3/Y
 clkload4/Y
 clkload5/Y
 clkload6/Y
 clkload7/Y
 clkload8/Y
 clkload9/Y
Found 0 partially unannotated drivers.

===========================================================================
max slew violation count 0
Writing metric design__max_slew_violation__count__corner:nom_tt_025C_1v80: 0
max fanout violation count 17
Writing metric design__max_fanout_violation__count__corner:nom_tt_025C_1v80: 17
max cap violation count 0
Writing metric design__max_cap_violation__count__corner:nom_tt_025C_1v80: 0
============================================================================

===========================================================================
check_setup -verbose -unconstrained_endpoints -multiple_clock -no_clock -no_input_delay -loops -generated_clocks
===========================================================================
Warning: There are 33 unclocked register/latch pins.
  _2095_/CLK
  _2183_/CLK
  _2184_/CLK
  _2185_/CLK
  _2186_/CLK
  _2187_/CLK
  _2188_/CLK
  _2189_/CLK
  _2190_/CLK
  _2191_/CLK
  _2192_/CLK
  _2193_/CLK
  _2194_/CLK
  _2195_/CLK
  _2196_/CLK
  _2197_/CLK
  _2198_/CLK
  _2199_/CLK
  _2200_/CLK
  _2201_/CLK
  _2202_/CLK
  _2203_/CLK
  _2204_/CLK
  _2205_/CLK
  _2206_/CLK
  _2207_/CLK
  _2208_/CLK
  _2209_/CLK
  _2210_/CLK
  _2211_/CLK
  _2212_/CLK
  _2213_/CLK
  _2214_/CLK
Warning: There are 34 unconstrained endpoints.
  _2095_/D
  _2141_/D
  _2183_/D
  _2184_/D
  _2185_/D
  _2186_/D
  _2187_/D
  _2188_/D
  _2189_/D
  _2190_/D
  _2191_/D
  _2192_/D
  _2193_/D
  _2194_/D
  _2195_/D
  _2196_/D
  _2197_/D
  _2198_/D
  _2199_/D
  _2200_/D
  _2201_/D
  _2202_/D
  _2203_/D
  _2204_/D
  _2205_/D
  _2206_/D
  _2207_/D
  _2208_/D
  _2209_/D
  _2210_/D
  _2211_/D
  _2212_/D
  _2213_/D
  _2214_/D
