
===========================================================================
 report_power
============================================================================
======================= nom_tt_025C_1v80 Corner ===================================

Group                    Internal    Switching      Leakage        Total
                            Power        Power        Power        Power (Watts)
------------------------------------------------------------------------
Sequential           6.191090e-04 4.953035e-05 1.300189e-09 6.686407e-04  37.2%
Combinational        3.271550e-04 3.262278e-04 4.253957e-09 6.533870e-04  36.4%
Clock                2.865471e-04 1.880793e-04 6.146317e-10 4.746270e-04  26.4%
Macro                0.000000e+00 0.000000e+00 0.000000e+00 0.000000e+00   0.0%
Pad                  0.000000e+00 0.000000e+00 0.000000e+00 0.000000e+00   0.0%
------------------------------------------------------------------------
Total                1.232811e-03 5.638373e-04 6.168761e-09 1.796654e-03 100.0%
                            68.6%        31.4%         0.0%
Writing metric power__internal__total: 0.0012328107841312885
Writing metric power__switching__total: 0.0005638372967951
Writing metric power__leakage__total: 6.168760613434188e-9
Writing metric power__total: 0.0017966543091461062

